TimeQuest Timing Analyzer report for g58_lab3
Mon Mar 20 11:22:50 2017
Quartus II 64-Bit Version 13.0.1 Build 232 06/12/2013 Service Pack 1 SJ Web Edition


---------------------
; Table of Contents ;
---------------------
  1. Legal Notice
  2. TimeQuest Timing Analyzer Summary
  3. Parallel Compilation
  4. Clocks
  5. Slow Model Fmax Summary
  6. Slow Model Setup Summary
  7. Slow Model Hold Summary
  8. Slow Model Recovery Summary
  9. Slow Model Removal Summary
 10. Slow Model Minimum Pulse Width Summary
 11. Slow Model Minimum Pulse Width: 'altera_reserved_tck'
 12. Propagation Delay
 13. Minimum Propagation Delay
 14. Fast Model Setup Summary
 15. Fast Model Hold Summary
 16. Fast Model Recovery Summary
 17. Fast Model Removal Summary
 18. Fast Model Minimum Pulse Width Summary
 19. Fast Model Minimum Pulse Width: 'altera_reserved_tck'
 20. Propagation Delay
 21. Minimum Propagation Delay
 22. Multicorner Timing Analysis Summary
 23. Progagation Delay
 24. Minimum Progagation Delay
 25. Clock Transfers
 26. Report TCCS
 27. Report RSKM
 28. Unconstrained Paths
 29. TimeQuest Timing Analyzer Messages



----------------
; Legal Notice ;
----------------
Copyright (C) 1991-2013 Altera Corporation
Your use of Altera Corporation's design tools, logic functions 
and other software and tools, and its AMPP partner logic 
functions, and any output files from any of the foregoing 
(including device programming or simulation files), and any 
associated documentation or information are expressly subject 
to the terms and conditions of the Altera Program License 
Subscription Agreement, Altera MegaCore Function License 
Agreement, or other applicable license agreement, including, 
without limitation, that your use is for the sole purpose of 
programming logic devices manufactured by Altera and sold by 
Altera or its authorized distributors.  Please refer to the 
applicable agreement for further details.



+----------------------------------------------------------------------------------------+
; TimeQuest Timing Analyzer Summary                                                      ;
+--------------------+-------------------------------------------------------------------+
; Quartus II Version ; Version 13.0.1 Build 232 06/12/2013 Service Pack 1 SJ Web Edition ;
; Revision Name      ; g58_lab3                                                          ;
; Device Family      ; Cyclone II                                                        ;
; Device Name        ; EP2C20F484C7                                                      ;
; Timing Models      ; Final                                                             ;
; Delay Model        ; Combined                                                          ;
; Rise/Fall Delays   ; Unavailable                                                       ;
+--------------------+-------------------------------------------------------------------+


+------------------------------------------+
; Parallel Compilation                     ;
+----------------------------+-------------+
; Processors                 ; Number      ;
+----------------------------+-------------+
; Number detected on machine ; 6           ;
; Maximum allowed            ; 6           ;
;                            ;             ;
; Average used               ; 1.00        ;
; Maximum used               ; 1           ;
;                            ;             ;
; Usage by Processor         ; % Time Used ;
;     Processor 1            ; 100.0%      ;
;     Processors 2-6         ;   0.0%      ;
+----------------------------+-------------+


+-----------------------------------------------------------------------------------------------------------------------------------------------------------------------------------------------------------+
; Clocks                                                                                                                                                                                                    ;
+---------------------+------+---------+-----------+-------+--------+------------+-----------+-------------+-------+--------+-----------+------------+----------+--------+--------+-------------------------+
; Clock Name          ; Type ; Period  ; Frequency ; Rise  ; Fall   ; Duty Cycle ; Divide by ; Multiply by ; Phase ; Offset ; Edge List ; Edge Shift ; Inverted ; Master ; Source ; Targets                 ;
+---------------------+------+---------+-----------+-------+--------+------------+-----------+-------------+-------+--------+-----------+------------+----------+--------+--------+-------------------------+
; altera_reserved_tck ; Base ; 100.000 ; 10.0 MHz  ; 0.000 ; 50.000 ;            ;           ;             ;       ;        ;           ;            ;          ;        ;        ; { altera_reserved_tck } ;
+---------------------+------+---------+-----------+-------+--------+------------+-----------+-------------+-------+--------+-----------+------------+----------+--------+--------+-------------------------+


---------------------------
; Slow Model Fmax Summary ;
---------------------------
No paths to report.


----------------------------
; Slow Model Setup Summary ;
----------------------------
No paths to report.


---------------------------
; Slow Model Hold Summary ;
---------------------------
No paths to report.


-------------------------------
; Slow Model Recovery Summary ;
-------------------------------
No paths to report.


------------------------------
; Slow Model Removal Summary ;
------------------------------
No paths to report.


+----------------------------------------------+
; Slow Model Minimum Pulse Width Summary       ;
+---------------------+--------+---------------+
; Clock               ; Slack  ; End Point TNS ;
+---------------------+--------+---------------+
; altera_reserved_tck ; 97.531 ; 0.000         ;
+---------------------+--------+---------------+


+-------------------------------------------------------------------------------------------------------------+
; Slow Model Minimum Pulse Width: 'altera_reserved_tck'                                                       ;
+--------+--------------+----------------+-----------+---------------------+------------+---------------------+
; Slack  ; Actual Width ; Required Width ; Type      ; Clock               ; Clock Edge ; Target              ;
+--------+--------------+----------------+-----------+---------------------+------------+---------------------+
; 97.531 ; 100.000      ; 2.469          ; Port Rate ; altera_reserved_tck ; Rise       ; altera_reserved_tck ;
+--------+--------------+----------------+-----------+---------------------+------------+---------------------+


+----------------------------------------------------------------+
; Propagation Delay                                              ;
+------------+---------------+--------+--------+--------+--------+
; Input Port ; Output Port   ; RR     ; RF     ; FR     ; FF     ;
+------------+---------------+--------+--------+--------+--------+
; addr[0]    ; segs_floor[0] ; 18.435 ; 18.435 ; 18.435 ; 18.435 ;
; addr[0]    ; segs_floor[1] ; 18.457 ; 18.457 ; 18.457 ; 18.457 ;
; addr[0]    ; segs_floor[2] ; 18.484 ; 18.484 ; 18.484 ; 18.484 ;
; addr[0]    ; segs_floor[3] ; 18.501 ; 18.501 ; 18.501 ; 18.501 ;
; addr[0]    ; segs_floor[4] ; 18.547 ; 18.547 ; 18.547 ; 18.547 ;
; addr[0]    ; segs_floor[5] ; 18.561 ; 18.561 ; 18.561 ; 18.561 ;
; addr[0]    ; segs_floor[6] ; 18.622 ; 18.622 ; 18.622 ; 18.622 ;
; addr[0]    ; segs_mod[0]   ; 21.953 ; 21.953 ; 21.953 ; 21.953 ;
; addr[0]    ; segs_mod[1]   ; 21.517 ; 21.517 ; 21.517 ; 21.517 ;
; addr[0]    ; segs_mod[2]   ; 22.203 ; 22.203 ; 22.203 ; 22.203 ;
; addr[0]    ; segs_mod[3]   ; 21.860 ; 21.860 ; 21.860 ; 21.860 ;
; addr[0]    ; segs_mod[4]   ; 22.321 ; 22.321 ; 22.321 ; 22.321 ;
; addr[0]    ; segs_mod[5]   ; 21.996 ; 21.996 ; 21.996 ; 21.996 ;
; addr[0]    ; segs_mod[6]   ; 22.617 ; 22.617 ; 22.617 ; 22.617 ;
; addr[0]    ; value[0]      ; 14.244 ; 14.244 ; 14.244 ; 14.244 ;
; addr[0]    ; value[1]      ; 13.897 ; 13.897 ; 13.897 ; 13.897 ;
; addr[0]    ; value[2]      ; 13.624 ; 13.624 ; 13.624 ; 13.624 ;
; addr[0]    ; value[3]      ; 14.135 ; 14.135 ; 14.135 ; 14.135 ;
; addr[0]    ; value[4]      ; 14.550 ; 14.550 ; 14.550 ; 14.550 ;
; addr[0]    ; value[5]      ; 12.904 ; 12.904 ; 12.904 ; 12.904 ;
; addr[1]    ; segs_floor[0] ; 18.278 ; 18.278 ; 18.278 ; 18.278 ;
; addr[1]    ; segs_floor[1] ; 18.300 ; 18.300 ; 18.300 ; 18.300 ;
; addr[1]    ; segs_floor[2] ; 18.327 ; 18.327 ; 18.327 ; 18.327 ;
; addr[1]    ; segs_floor[3] ; 18.344 ; 18.344 ; 18.344 ; 18.344 ;
; addr[1]    ; segs_floor[4] ; 18.390 ; 18.390 ; 18.390 ; 18.390 ;
; addr[1]    ; segs_floor[5] ; 18.404 ; 18.404 ; 18.404 ; 18.404 ;
; addr[1]    ; segs_floor[6] ; 18.465 ; 18.465 ; 18.465 ; 18.465 ;
; addr[1]    ; segs_mod[0]   ; 21.796 ; 21.796 ; 21.796 ; 21.796 ;
; addr[1]    ; segs_mod[1]   ; 21.360 ; 21.360 ; 21.360 ; 21.360 ;
; addr[1]    ; segs_mod[2]   ; 22.046 ; 22.046 ; 22.046 ; 22.046 ;
; addr[1]    ; segs_mod[3]   ; 21.703 ; 21.703 ; 21.703 ; 21.703 ;
; addr[1]    ; segs_mod[4]   ; 22.164 ; 22.164 ; 22.164 ; 22.164 ;
; addr[1]    ; segs_mod[5]   ; 21.839 ; 21.839 ; 21.839 ; 21.839 ;
; addr[1]    ; segs_mod[6]   ; 22.460 ; 22.460 ; 22.460 ; 22.460 ;
; addr[1]    ; value[0]      ; 14.343 ; 14.343 ; 14.343 ; 14.343 ;
; addr[1]    ; value[1]      ; 13.302 ; 13.302 ; 13.302 ; 13.302 ;
; addr[1]    ; value[2]      ; 12.587 ; 12.587 ; 12.587 ; 12.587 ;
; addr[1]    ; value[3]      ; 13.708 ; 13.571 ; 13.571 ; 13.708 ;
; addr[1]    ; value[4]      ; 14.037 ; 14.037 ; 14.037 ; 14.037 ;
; addr[1]    ; value[5]      ; 13.183 ; 13.183 ; 13.183 ; 13.183 ;
; addr[2]    ; segs_floor[0] ; 16.853 ; 16.853 ; 16.853 ; 16.853 ;
; addr[2]    ; segs_floor[1] ; 16.875 ; 16.875 ; 16.875 ; 16.875 ;
; addr[2]    ; segs_floor[2] ; 16.902 ; 16.902 ; 16.902 ; 16.902 ;
; addr[2]    ; segs_floor[3] ; 16.919 ; 16.919 ; 16.919 ; 16.919 ;
; addr[2]    ; segs_floor[4] ; 16.965 ; 16.965 ; 16.965 ; 16.965 ;
; addr[2]    ; segs_floor[5] ; 16.979 ; 16.979 ; 16.979 ; 16.979 ;
; addr[2]    ; segs_floor[6] ; 17.040 ; 17.040 ; 17.040 ; 17.040 ;
; addr[2]    ; segs_mod[0]   ; 20.371 ; 20.371 ; 20.371 ; 20.371 ;
; addr[2]    ; segs_mod[1]   ; 19.935 ; 19.935 ; 19.935 ; 19.935 ;
; addr[2]    ; segs_mod[2]   ; 20.621 ; 20.621 ; 20.621 ; 20.621 ;
; addr[2]    ; segs_mod[3]   ; 20.278 ; 20.278 ; 20.278 ; 20.278 ;
; addr[2]    ; segs_mod[4]   ; 20.739 ; 20.739 ; 20.739 ; 20.739 ;
; addr[2]    ; segs_mod[5]   ; 20.414 ; 20.414 ; 20.414 ; 20.414 ;
; addr[2]    ; segs_mod[6]   ; 21.035 ; 21.035 ; 21.035 ; 21.035 ;
; addr[2]    ; value[0]      ; 12.918 ; 12.918 ; 12.918 ; 12.918 ;
; addr[2]    ; value[1]      ; 11.693 ; 12.083 ; 12.083 ; 11.693 ;
; addr[2]    ; value[2]      ; 11.382 ; 11.382 ; 11.382 ; 11.382 ;
; addr[2]    ; value[3]      ; 11.758 ; 12.614 ; 12.614 ; 11.758 ;
; addr[2]    ; value[4]      ; 11.688 ; 11.688 ; 11.688 ; 11.688 ;
; addr[2]    ; value[5]      ; 11.792 ; 11.712 ; 11.712 ; 11.792 ;
; addr[3]    ; segs_floor[0] ; 16.427 ; 16.427 ; 16.427 ; 16.427 ;
; addr[3]    ; segs_floor[1] ; 16.449 ; 16.449 ; 16.449 ; 16.449 ;
; addr[3]    ; segs_floor[2] ; 16.476 ; 16.476 ; 16.476 ; 16.476 ;
; addr[3]    ; segs_floor[3] ; 16.493 ; 16.493 ; 16.493 ; 16.493 ;
; addr[3]    ; segs_floor[4] ; 16.539 ; 16.539 ; 16.539 ; 16.539 ;
; addr[3]    ; segs_floor[5] ; 16.553 ; 16.553 ; 16.553 ; 16.553 ;
; addr[3]    ; segs_floor[6] ; 16.614 ; 16.614 ; 16.614 ; 16.614 ;
; addr[3]    ; segs_mod[0]   ; 19.945 ; 19.945 ; 19.945 ; 19.945 ;
; addr[3]    ; segs_mod[1]   ; 19.509 ; 19.509 ; 19.509 ; 19.509 ;
; addr[3]    ; segs_mod[2]   ; 20.195 ; 20.195 ; 20.195 ; 20.195 ;
; addr[3]    ; segs_mod[3]   ; 19.852 ; 19.852 ; 19.852 ; 19.852 ;
; addr[3]    ; segs_mod[4]   ; 20.313 ; 20.313 ; 20.313 ; 20.313 ;
; addr[3]    ; segs_mod[5]   ; 19.988 ; 19.988 ; 19.988 ; 19.988 ;
; addr[3]    ; segs_mod[6]   ; 20.609 ; 20.609 ; 20.609 ; 20.609 ;
; addr[3]    ; value[0]      ; 12.064 ; 12.064 ; 12.064 ; 12.064 ;
; addr[3]    ; value[1]      ; 11.443 ; 11.443 ; 11.443 ; 11.443 ;
; addr[3]    ; value[2]      ; 11.616 ; 11.616 ; 11.616 ; 11.616 ;
; addr[3]    ; value[3]      ; 12.148 ; 12.010 ; 12.010 ; 12.148 ;
; addr[3]    ; value[4]      ; 12.865 ; 12.865 ; 12.865 ; 12.865 ;
; addr[3]    ; value[5]      ; 11.875 ; 11.875 ; 11.875 ; 11.875 ;
; addr[4]    ; segs_floor[0] ; 16.276 ; 16.276 ; 16.276 ; 16.276 ;
; addr[4]    ; segs_floor[1] ; 14.883 ; 16.298 ; 16.298 ; 14.883 ;
; addr[4]    ; segs_floor[2] ; 16.325 ; 16.325 ; 16.325 ; 16.325 ;
; addr[4]    ; segs_floor[3] ; 16.342 ; 16.342 ; 16.342 ; 16.342 ;
; addr[4]    ; segs_floor[4] ; 16.388 ; 16.388 ; 16.388 ; 16.388 ;
; addr[4]    ; segs_floor[5] ; 16.402 ; 16.402 ; 16.402 ; 16.402 ;
; addr[4]    ; segs_floor[6] ; 16.463 ; 15.048 ; 15.048 ; 16.463 ;
; addr[4]    ; segs_mod[0]   ; 19.794 ; 19.794 ; 19.794 ; 19.794 ;
; addr[4]    ; segs_mod[1]   ; 19.358 ; 19.358 ; 19.358 ; 19.358 ;
; addr[4]    ; segs_mod[2]   ; 20.044 ; 20.044 ; 20.044 ; 20.044 ;
; addr[4]    ; segs_mod[3]   ; 19.701 ; 19.701 ; 19.701 ; 19.701 ;
; addr[4]    ; segs_mod[4]   ; 20.162 ; 20.162 ; 20.162 ; 20.162 ;
; addr[4]    ; segs_mod[5]   ; 19.837 ; 19.837 ; 19.837 ; 19.837 ;
; addr[4]    ; segs_mod[6]   ; 20.458 ; 20.458 ; 20.458 ; 20.458 ;
; addr[4]    ; value[0]      ; 10.482 ; 10.482 ; 10.482 ; 10.482 ;
; addr[4]    ; value[1]      ; 9.817  ; 11.544 ; 11.544 ; 9.817  ;
; addr[4]    ; value[2]      ; 10.050 ; 11.465 ; 11.465 ; 10.050 ;
; addr[4]    ; value[3]      ; 9.707  ; 10.563 ; 10.563 ; 9.707  ;
; addr[4]    ; value[4]      ; 11.191 ; 11.191 ; 11.191 ; 11.191 ;
; addr[4]    ; value[5]      ; 9.736  ; 9.736  ; 9.736  ; 9.736  ;
; addr[5]    ; segs_floor[0] ; 16.040 ; 16.040 ; 16.040 ; 16.040 ;
; addr[5]    ; segs_floor[1] ; 14.896 ; 16.062 ; 16.062 ; 14.896 ;
; addr[5]    ; segs_floor[2] ; 16.089 ; 16.089 ; 16.089 ; 16.089 ;
; addr[5]    ; segs_floor[3] ; 16.106 ; 16.106 ; 16.106 ; 16.106 ;
; addr[5]    ; segs_floor[4] ; 16.152 ; 16.152 ; 16.152 ; 16.152 ;
; addr[5]    ; segs_floor[5] ; 16.166 ; 16.166 ; 16.166 ; 16.166 ;
; addr[5]    ; segs_floor[6] ; 16.227 ; 15.061 ; 15.061 ; 16.227 ;
; addr[5]    ; segs_mod[0]   ; 19.558 ; 19.558 ; 19.558 ; 19.558 ;
; addr[5]    ; segs_mod[1]   ; 19.122 ; 19.122 ; 19.122 ; 19.122 ;
; addr[5]    ; segs_mod[2]   ; 19.808 ; 19.808 ; 19.808 ; 19.808 ;
; addr[5]    ; segs_mod[3]   ; 19.465 ; 19.465 ; 19.465 ; 19.465 ;
; addr[5]    ; segs_mod[4]   ; 19.926 ; 19.926 ; 19.926 ; 19.926 ;
; addr[5]    ; segs_mod[5]   ; 19.601 ; 19.601 ; 19.601 ; 19.601 ;
; addr[5]    ; segs_mod[6]   ; 20.222 ; 20.222 ; 20.222 ; 20.222 ;
; addr[5]    ; value[0]      ; 10.700 ; 10.700 ; 10.700 ; 10.700 ;
; addr[5]    ; value[1]      ; 10.001 ; 11.308 ; 11.308 ; 10.001 ;
; addr[5]    ; value[2]      ; 9.837  ; 11.229 ; 11.229 ; 9.837  ;
; addr[5]    ; value[3]      ; 9.401  ; 10.257 ; 10.257 ; 9.401  ;
; addr[5]    ; value[4]      ; 11.718 ; 11.718 ; 11.718 ; 11.718 ;
; addr[5]    ; value[5]      ; 8.409  ; 9.439  ; 9.439  ; 8.409  ;
; disp_mode  ; segs_floor[0] ; 7.338  ; 7.338  ; 7.338  ; 7.338  ;
; disp_mode  ; segs_floor[1] ; 7.350  ;        ;        ; 7.350  ;
; disp_mode  ; segs_floor[2] ; 7.391  ; 7.391  ; 7.391  ; 7.391  ;
; disp_mode  ; segs_floor[3] ; 7.406  ; 7.406  ; 7.406  ; 7.406  ;
; disp_mode  ; segs_floor[4] ; 7.443  ; 7.443  ; 7.443  ; 7.443  ;
; disp_mode  ; segs_floor[5] ;        ; 7.474  ; 7.474  ;        ;
; disp_mode  ; segs_floor[6] ;        ; 7.530  ; 7.530  ;        ;
; disp_mode  ; segs_mod[0]   ; 7.483  ; 7.483  ; 7.483  ; 7.483  ;
; disp_mode  ; segs_mod[1]   ; 7.175  ; 7.175  ; 7.175  ; 7.175  ;
; disp_mode  ; segs_mod[2]   ; 7.852  ; 7.852  ; 7.852  ; 7.852  ;
; disp_mode  ; segs_mod[3]   ; 7.508  ; 7.508  ; 7.508  ; 7.508  ;
; disp_mode  ; segs_mod[4]   ; 7.881  ; 7.881  ; 7.881  ; 7.881  ;
; disp_mode  ; segs_mod[5]   ; 7.517  ; 7.517  ; 7.517  ; 7.517  ;
; disp_mode  ; segs_mod[6]   ; 8.140  ; 8.140  ; 8.140  ; 8.140  ;
+------------+---------------+--------+--------+--------+--------+


+----------------------------------------------------------------+
; Minimum Propagation Delay                                      ;
+------------+---------------+--------+--------+--------+--------+
; Input Port ; Output Port   ; RR     ; RF     ; FR     ; FF     ;
+------------+---------------+--------+--------+--------+--------+
; addr[0]    ; segs_floor[0] ; 12.714 ; 12.714 ; 12.714 ; 12.714 ;
; addr[0]    ; segs_floor[1] ; 12.765 ; 12.984 ; 12.984 ; 12.765 ;
; addr[0]    ; segs_floor[2] ; 12.756 ; 12.756 ; 12.756 ; 12.756 ;
; addr[0]    ; segs_floor[3] ; 12.780 ; 12.780 ; 12.780 ; 12.780 ;
; addr[0]    ; segs_floor[4] ; 12.825 ; 12.825 ; 12.825 ; 12.825 ;
; addr[0]    ; segs_floor[5] ; 12.835 ; 12.835 ; 12.835 ; 12.835 ;
; addr[0]    ; segs_floor[6] ; 13.117 ; 12.898 ; 12.898 ; 13.117 ;
; addr[0]    ; segs_mod[0]   ; 14.390 ; 14.390 ; 14.390 ; 14.390 ;
; addr[0]    ; segs_mod[1]   ; 13.936 ; 13.936 ; 13.936 ; 13.936 ;
; addr[0]    ; segs_mod[2]   ; 14.516 ; 14.516 ; 14.516 ; 14.516 ;
; addr[0]    ; segs_mod[3]   ; 14.589 ; 14.589 ; 14.589 ; 14.589 ;
; addr[0]    ; segs_mod[4]   ; 14.930 ; 14.930 ; 14.930 ; 14.930 ;
; addr[0]    ; segs_mod[5]   ; 14.657 ; 14.657 ; 14.657 ; 14.657 ;
; addr[0]    ; segs_mod[6]   ; 14.078 ; 14.078 ; 14.078 ; 14.078 ;
; addr[0]    ; value[0]      ; 11.169 ; 11.169 ; 11.169 ; 11.169 ;
; addr[0]    ; value[1]      ; 11.559 ; 10.356 ; 10.356 ; 11.559 ;
; addr[0]    ; value[2]      ; 10.925 ; 11.284 ; 11.284 ; 10.925 ;
; addr[0]    ; value[3]      ; 11.495 ; 11.495 ; 11.495 ; 11.495 ;
; addr[0]    ; value[4]      ; 11.264 ; 11.483 ; 11.483 ; 11.264 ;
; addr[0]    ; value[5]      ; 11.109 ; 11.109 ; 11.109 ; 11.109 ;
; addr[1]    ; segs_floor[0] ; 11.707 ; 11.707 ; 11.707 ; 11.707 ;
; addr[1]    ; segs_floor[1] ; 11.758 ; 11.758 ; 11.758 ; 11.758 ;
; addr[1]    ; segs_floor[2] ; 11.749 ; 11.749 ; 11.749 ; 11.749 ;
; addr[1]    ; segs_floor[3] ; 11.773 ; 11.773 ; 11.773 ; 11.773 ;
; addr[1]    ; segs_floor[4] ; 11.818 ; 11.818 ; 11.818 ; 11.818 ;
; addr[1]    ; segs_floor[5] ; 11.828 ; 11.828 ; 11.828 ; 11.828 ;
; addr[1]    ; segs_floor[6] ; 11.891 ; 11.891 ; 11.891 ; 11.891 ;
; addr[1]    ; segs_mod[0]   ; 13.565 ; 13.565 ; 13.565 ; 13.565 ;
; addr[1]    ; segs_mod[1]   ; 13.218 ; 13.218 ; 13.218 ; 13.218 ;
; addr[1]    ; segs_mod[2]   ; 13.571 ; 13.571 ; 13.571 ; 13.571 ;
; addr[1]    ; segs_mod[3]   ; 13.839 ; 13.839 ; 13.839 ; 13.839 ;
; addr[1]    ; segs_mod[4]   ; 13.985 ; 13.985 ; 13.985 ; 13.985 ;
; addr[1]    ; segs_mod[5]   ; 13.563 ; 13.563 ; 13.563 ; 13.563 ;
; addr[1]    ; segs_mod[6]   ; 13.133 ; 13.133 ; 13.133 ; 13.133 ;
; addr[1]    ; value[0]      ; 10.075 ; 10.075 ; 10.075 ; 10.075 ;
; addr[1]    ; value[1]      ; 9.999  ; 9.999  ; 9.999  ; 9.999  ;
; addr[1]    ; value[2]      ; 9.927  ; 9.927  ; 9.927  ; 9.927  ;
; addr[1]    ; value[3]      ; 10.644 ; 10.644 ; 10.644 ; 10.644 ;
; addr[1]    ; value[4]      ; 10.257 ; 10.257 ; 10.257 ; 10.257 ;
; addr[1]    ; value[5]      ; 9.850  ; 9.850  ; 9.850  ; 9.850  ;
; addr[2]    ; segs_floor[0] ; 10.698 ; 10.698 ; 10.698 ; 10.698 ;
; addr[2]    ; segs_floor[1] ; 11.068 ; 10.749 ; 10.749 ; 11.068 ;
; addr[2]    ; segs_floor[2] ; 10.740 ; 10.740 ; 10.740 ; 10.740 ;
; addr[2]    ; segs_floor[3] ; 10.764 ; 10.764 ; 10.764 ; 10.764 ;
; addr[2]    ; segs_floor[4] ; 10.809 ; 10.809 ; 10.809 ; 10.809 ;
; addr[2]    ; segs_floor[5] ; 10.819 ; 10.819 ; 10.819 ; 10.819 ;
; addr[2]    ; segs_floor[6] ; 10.882 ; 11.201 ; 11.201 ; 10.882 ;
; addr[2]    ; segs_mod[0]   ; 11.562 ; 11.562 ; 11.562 ; 11.562 ;
; addr[2]    ; segs_mod[1]   ; 11.130 ; 11.130 ; 11.130 ; 11.130 ;
; addr[2]    ; segs_mod[2]   ; 11.942 ; 11.942 ; 11.942 ; 11.942 ;
; addr[2]    ; segs_mod[3]   ; 11.751 ; 11.751 ; 11.751 ; 11.751 ;
; addr[2]    ; segs_mod[4]   ; 12.112 ; 12.112 ; 12.112 ; 12.112 ;
; addr[2]    ; segs_mod[5]   ; 11.475 ; 11.475 ; 11.475 ; 11.475 ;
; addr[2]    ; segs_mod[6]   ; 11.452 ; 11.452 ; 11.452 ; 11.452 ;
; addr[2]    ; value[0]      ; 8.611  ; 7.987  ; 7.987  ; 8.611  ;
; addr[2]    ; value[1]      ; 9.730  ; 9.106  ; 9.106  ; 9.730  ;
; addr[2]    ; value[2]      ; 9.164  ; 8.692  ; 8.692  ; 9.164  ;
; addr[2]    ; value[3]      ; 9.164  ; 8.918  ; 8.918  ; 9.164  ;
; addr[2]    ; value[4]      ; 9.567  ; 9.248  ; 9.248  ; 9.567  ;
; addr[2]    ; value[5]      ; 8.788  ; 8.201  ; 8.201  ; 8.788  ;
; addr[3]    ; segs_floor[0] ; 10.675 ; 10.675 ; 10.675 ; 10.675 ;
; addr[3]    ; segs_floor[1] ; 10.726 ; 10.871 ; 10.871 ; 10.726 ;
; addr[3]    ; segs_floor[2] ; 10.717 ; 10.717 ; 10.717 ; 10.717 ;
; addr[3]    ; segs_floor[3] ; 10.741 ; 10.741 ; 10.741 ; 10.741 ;
; addr[3]    ; segs_floor[4] ; 10.786 ; 10.786 ; 10.786 ; 10.786 ;
; addr[3]    ; segs_floor[5] ; 10.796 ; 10.796 ; 10.796 ; 10.796 ;
; addr[3]    ; segs_floor[6] ; 11.004 ; 10.859 ; 10.859 ; 11.004 ;
; addr[3]    ; segs_mod[0]   ; 12.533 ; 12.533 ; 12.533 ; 12.533 ;
; addr[3]    ; segs_mod[1]   ; 12.250 ; 12.250 ; 12.250 ; 12.250 ;
; addr[3]    ; segs_mod[2]   ; 12.539 ; 12.539 ; 12.539 ; 12.539 ;
; addr[3]    ; segs_mod[3]   ; 12.871 ; 12.871 ; 12.871 ; 12.871 ;
; addr[3]    ; segs_mod[4]   ; 12.953 ; 12.953 ; 12.953 ; 12.953 ;
; addr[3]    ; segs_mod[5]   ; 12.595 ; 12.595 ; 12.595 ; 12.595 ;
; addr[3]    ; segs_mod[6]   ; 12.101 ; 12.101 ; 12.101 ; 12.101 ;
; addr[3]    ; value[0]      ; 9.326  ; 9.107  ; 9.107  ; 9.326  ;
; addr[3]    ; value[1]      ; 9.994  ; 9.783  ; 9.783  ; 9.994  ;
; addr[3]    ; value[2]      ; 9.571  ; 9.368  ; 9.368  ; 9.571  ;
; addr[3]    ; value[3]      ; 10.029 ; 10.268 ; 10.268 ; 10.029 ;
; addr[3]    ; value[4]      ; 9.225  ; 9.370  ; 9.370  ; 9.225  ;
; addr[3]    ; value[5]      ; 9.375  ; 9.272  ; 9.272  ; 9.375  ;
; addr[4]    ; segs_floor[0] ; 11.818 ; 11.818 ; 11.818 ; 11.818 ;
; addr[4]    ; segs_floor[1] ; 12.071 ; 11.869 ; 11.869 ; 12.071 ;
; addr[4]    ; segs_floor[2] ; 11.860 ; 11.860 ; 11.860 ; 11.860 ;
; addr[4]    ; segs_floor[3] ; 11.884 ; 11.884 ; 11.884 ; 11.884 ;
; addr[4]    ; segs_floor[4] ; 11.929 ; 11.929 ; 11.929 ; 11.929 ;
; addr[4]    ; segs_floor[5] ; 11.939 ; 11.939 ; 11.939 ; 11.939 ;
; addr[4]    ; segs_floor[6] ; 12.002 ; 12.204 ; 12.204 ; 12.002 ;
; addr[4]    ; segs_mod[0]   ; 12.450 ; 12.450 ; 12.450 ; 12.450 ;
; addr[4]    ; segs_mod[1]   ; 12.018 ; 12.018 ; 12.018 ; 12.018 ;
; addr[4]    ; segs_mod[2]   ; 12.604 ; 12.604 ; 12.604 ; 12.604 ;
; addr[4]    ; segs_mod[3]   ; 12.639 ; 12.639 ; 12.639 ; 12.639 ;
; addr[4]    ; segs_mod[4]   ; 13.000 ; 13.000 ; 13.000 ; 13.000 ;
; addr[4]    ; segs_mod[5]   ; 12.363 ; 12.363 ; 12.363 ; 12.363 ;
; addr[4]    ; segs_mod[6]   ; 12.166 ; 12.166 ; 12.166 ; 12.166 ;
; addr[4]    ; value[0]      ; 9.035  ; 8.875  ; 8.875  ; 9.035  ;
; addr[4]    ; value[1]      ; 9.362  ; 9.242  ; 9.242  ; 9.362  ;
; addr[4]    ; value[2]      ; 8.612  ; 8.827  ; 8.827  ; 8.612  ;
; addr[4]    ; value[3]      ; 9.216  ; 9.181  ; 9.181  ; 9.216  ;
; addr[4]    ; value[4]      ; 10.570 ; 10.368 ; 10.368 ; 10.570 ;
; addr[4]    ; value[5]      ; 9.385  ; 9.382  ; 9.382  ; 9.385  ;
; addr[5]    ; segs_floor[0] ; 11.248 ; 11.248 ; 11.248 ; 11.248 ;
; addr[5]    ; segs_floor[1] ; 11.287 ; 11.287 ; 11.287 ; 11.287 ;
; addr[5]    ; segs_floor[2] ; 11.308 ; 11.308 ; 11.308 ; 11.308 ;
; addr[5]    ; segs_floor[3] ; 11.315 ; 11.315 ; 11.315 ; 11.315 ;
; addr[5]    ; segs_floor[4] ; 11.346 ; 11.346 ; 11.346 ; 11.346 ;
; addr[5]    ; segs_floor[5] ; 11.384 ; 11.384 ; 11.384 ; 11.384 ;
; addr[5]    ; segs_floor[6] ; 11.398 ; 11.398 ; 11.398 ; 11.398 ;
; addr[5]    ; segs_mod[0]   ; 12.534 ; 12.534 ; 12.534 ; 12.534 ;
; addr[5]    ; segs_mod[1]   ; 13.060 ; 13.060 ; 13.060 ; 13.060 ;
; addr[5]    ; segs_mod[2]   ; 12.540 ; 12.540 ; 12.540 ; 12.540 ;
; addr[5]    ; segs_mod[3]   ; 13.217 ; 13.217 ; 13.217 ; 13.217 ;
; addr[5]    ; segs_mod[4]   ; 12.954 ; 12.954 ; 12.954 ; 12.954 ;
; addr[5]    ; segs_mod[5]   ; 12.941 ; 12.941 ; 12.941 ; 12.941 ;
; addr[5]    ; segs_mod[6]   ; 12.102 ; 12.102 ; 12.102 ; 12.102 ;
; addr[5]    ; value[0]      ; 10.140 ; 10.058 ; 10.058 ; 10.140 ;
; addr[5]    ; value[1]      ; 9.504  ; 9.504  ; 9.504  ; 9.504  ;
; addr[5]    ; value[2]      ; 9.678  ; 9.678  ; 9.678  ; 9.678  ;
; addr[5]    ; value[3]      ; 9.259  ; 9.117  ; 9.117  ; 9.259  ;
; addr[5]    ; value[4]      ; 10.889 ; 10.519 ; 10.519 ; 10.889 ;
; addr[5]    ; value[5]      ; 8.409  ; 8.409  ; 8.409  ; 8.409  ;
; disp_mode  ; segs_floor[0] ; 7.338  ; 7.338  ; 7.338  ; 7.338  ;
; disp_mode  ; segs_floor[1] ; 7.350  ;        ;        ; 7.350  ;
; disp_mode  ; segs_floor[2] ; 7.391  ; 7.391  ; 7.391  ; 7.391  ;
; disp_mode  ; segs_floor[3] ; 7.406  ; 7.406  ; 7.406  ; 7.406  ;
; disp_mode  ; segs_floor[4] ; 7.443  ; 7.443  ; 7.443  ; 7.443  ;
; disp_mode  ; segs_floor[5] ;        ; 7.474  ; 7.474  ;        ;
; disp_mode  ; segs_floor[6] ;        ; 7.530  ; 7.530  ;        ;
; disp_mode  ; segs_mod[0]   ; 7.142  ; 7.483  ; 7.483  ; 7.142  ;
; disp_mode  ; segs_mod[1]   ; 7.175  ; 7.175  ; 7.175  ; 7.175  ;
; disp_mode  ; segs_mod[2]   ; 7.852  ; 7.852  ; 7.852  ; 7.852  ;
; disp_mode  ; segs_mod[3]   ; 7.318  ; 7.318  ; 7.318  ; 7.318  ;
; disp_mode  ; segs_mod[4]   ; 7.680  ; 7.680  ; 7.680  ; 7.680  ;
; disp_mode  ; segs_mod[5]   ; 7.403  ; 7.517  ; 7.517  ; 7.403  ;
; disp_mode  ; segs_mod[6]   ; 7.775  ; 7.775  ; 7.775  ; 7.775  ;
+------------+---------------+--------+--------+--------+--------+


----------------------------
; Fast Model Setup Summary ;
----------------------------
No paths to report.


---------------------------
; Fast Model Hold Summary ;
---------------------------
No paths to report.


-------------------------------
; Fast Model Recovery Summary ;
-------------------------------
No paths to report.


------------------------------
; Fast Model Removal Summary ;
------------------------------
No paths to report.


+----------------------------------------------+
; Fast Model Minimum Pulse Width Summary       ;
+---------------------+--------+---------------+
; Clock               ; Slack  ; End Point TNS ;
+---------------------+--------+---------------+
; altera_reserved_tck ; 97.778 ; 0.000         ;
+---------------------+--------+---------------+


+-------------------------------------------------------------------------------------------------------------+
; Fast Model Minimum Pulse Width: 'altera_reserved_tck'                                                       ;
+--------+--------------+----------------+-----------+---------------------+------------+---------------------+
; Slack  ; Actual Width ; Required Width ; Type      ; Clock               ; Clock Edge ; Target              ;
+--------+--------------+----------------+-----------+---------------------+------------+---------------------+
; 97.778 ; 100.000      ; 2.222          ; Port Rate ; altera_reserved_tck ; Rise       ; altera_reserved_tck ;
+--------+--------------+----------------+-----------+---------------------+------------+---------------------+


+------------------------------------------------------------+
; Propagation Delay                                          ;
+------------+---------------+-------+-------+-------+-------+
; Input Port ; Output Port   ; RR    ; RF    ; FR    ; FF    ;
+------------+---------------+-------+-------+-------+-------+
; addr[0]    ; segs_floor[0] ; 7.498 ; 7.498 ; 7.498 ; 7.498 ;
; addr[0]    ; segs_floor[1] ; 7.508 ; 7.508 ; 7.508 ; 7.508 ;
; addr[0]    ; segs_floor[2] ; 7.502 ; 7.502 ; 7.502 ; 7.502 ;
; addr[0]    ; segs_floor[3] ; 7.514 ; 7.514 ; 7.514 ; 7.514 ;
; addr[0]    ; segs_floor[4] ; 7.544 ; 7.544 ; 7.544 ; 7.544 ;
; addr[0]    ; segs_floor[5] ; 7.561 ; 7.561 ; 7.561 ; 7.561 ;
; addr[0]    ; segs_floor[6] ; 7.595 ; 7.595 ; 7.595 ; 7.595 ;
; addr[0]    ; segs_mod[0]   ; 8.698 ; 8.698 ; 8.698 ; 8.698 ;
; addr[0]    ; segs_mod[1]   ; 8.587 ; 8.587 ; 8.587 ; 8.587 ;
; addr[0]    ; segs_mod[2]   ; 8.842 ; 8.842 ; 8.842 ; 8.842 ;
; addr[0]    ; segs_mod[3]   ; 8.707 ; 8.707 ; 8.707 ; 8.707 ;
; addr[0]    ; segs_mod[4]   ; 8.876 ; 8.876 ; 8.876 ; 8.876 ;
; addr[0]    ; segs_mod[5]   ; 8.754 ; 8.754 ; 8.754 ; 8.754 ;
; addr[0]    ; segs_mod[6]   ; 8.999 ; 8.999 ; 8.999 ; 8.999 ;
; addr[0]    ; value[0]      ; 5.938 ; 5.938 ; 5.938 ; 5.938 ;
; addr[0]    ; value[1]      ; 5.735 ; 5.735 ; 5.735 ; 5.735 ;
; addr[0]    ; value[2]      ; 5.730 ; 5.730 ; 5.730 ; 5.730 ;
; addr[0]    ; value[3]      ; 5.856 ; 5.856 ; 5.856 ; 5.856 ;
; addr[0]    ; value[4]      ; 6.137 ; 6.137 ; 6.137 ; 6.137 ;
; addr[0]    ; value[5]      ; 5.447 ; 5.447 ; 5.447 ; 5.447 ;
; addr[1]    ; segs_floor[0] ; 7.415 ; 7.415 ; 7.415 ; 7.415 ;
; addr[1]    ; segs_floor[1] ; 7.425 ; 7.425 ; 7.425 ; 7.425 ;
; addr[1]    ; segs_floor[2] ; 7.419 ; 7.419 ; 7.419 ; 7.419 ;
; addr[1]    ; segs_floor[3] ; 7.431 ; 7.431 ; 7.431 ; 7.431 ;
; addr[1]    ; segs_floor[4] ; 7.461 ; 7.461 ; 7.461 ; 7.461 ;
; addr[1]    ; segs_floor[5] ; 7.478 ; 7.478 ; 7.478 ; 7.478 ;
; addr[1]    ; segs_floor[6] ; 7.512 ; 7.512 ; 7.512 ; 7.512 ;
; addr[1]    ; segs_mod[0]   ; 8.615 ; 8.615 ; 8.615 ; 8.615 ;
; addr[1]    ; segs_mod[1]   ; 8.504 ; 8.504 ; 8.504 ; 8.504 ;
; addr[1]    ; segs_mod[2]   ; 8.759 ; 8.759 ; 8.759 ; 8.759 ;
; addr[1]    ; segs_mod[3]   ; 8.624 ; 8.624 ; 8.624 ; 8.624 ;
; addr[1]    ; segs_mod[4]   ; 8.793 ; 8.793 ; 8.793 ; 8.793 ;
; addr[1]    ; segs_mod[5]   ; 8.671 ; 8.671 ; 8.671 ; 8.671 ;
; addr[1]    ; segs_mod[6]   ; 8.916 ; 8.916 ; 8.916 ; 8.916 ;
; addr[1]    ; value[0]      ; 5.951 ; 5.951 ; 5.951 ; 5.951 ;
; addr[1]    ; value[1]      ; 5.513 ; 5.513 ; 5.513 ; 5.513 ;
; addr[1]    ; value[2]      ; 5.347 ; 5.347 ; 5.347 ; 5.347 ;
; addr[1]    ; value[3]      ; 5.718 ; 5.642 ; 5.642 ; 5.718 ;
; addr[1]    ; value[4]      ; 5.936 ; 5.936 ; 5.936 ; 5.936 ;
; addr[1]    ; value[5]      ; 5.521 ; 5.521 ; 5.521 ; 5.521 ;
; addr[2]    ; segs_floor[0] ; 6.981 ; 6.981 ; 6.981 ; 6.981 ;
; addr[2]    ; segs_floor[1] ; 6.933 ; 6.991 ; 6.991 ; 6.933 ;
; addr[2]    ; segs_floor[2] ; 6.985 ; 6.985 ; 6.985 ; 6.985 ;
; addr[2]    ; segs_floor[3] ; 6.997 ; 6.997 ; 6.997 ; 6.997 ;
; addr[2]    ; segs_floor[4] ; 7.027 ; 7.027 ; 7.027 ; 7.027 ;
; addr[2]    ; segs_floor[5] ; 7.044 ; 7.044 ; 7.044 ; 7.044 ;
; addr[2]    ; segs_floor[6] ; 7.078 ; 7.020 ; 7.020 ; 7.078 ;
; addr[2]    ; segs_mod[0]   ; 8.181 ; 8.181 ; 8.181 ; 8.181 ;
; addr[2]    ; segs_mod[1]   ; 8.070 ; 8.070 ; 8.070 ; 8.070 ;
; addr[2]    ; segs_mod[2]   ; 8.325 ; 8.325 ; 8.325 ; 8.325 ;
; addr[2]    ; segs_mod[3]   ; 8.190 ; 8.190 ; 8.190 ; 8.190 ;
; addr[2]    ; segs_mod[4]   ; 8.359 ; 8.359 ; 8.359 ; 8.359 ;
; addr[2]    ; segs_mod[5]   ; 8.237 ; 8.237 ; 8.237 ; 8.237 ;
; addr[2]    ; segs_mod[6]   ; 8.482 ; 8.482 ; 8.482 ; 8.482 ;
; addr[2]    ; value[0]      ; 5.459 ; 5.459 ; 5.459 ; 5.459 ;
; addr[2]    ; value[1]      ; 4.939 ; 5.070 ; 5.070 ; 4.939 ;
; addr[2]    ; value[2]      ; 4.900 ; 4.900 ; 4.900 ; 4.900 ;
; addr[2]    ; value[3]      ; 5.049 ; 5.339 ; 5.339 ; 5.049 ;
; addr[2]    ; value[4]      ; 5.090 ; 5.090 ; 5.090 ; 5.090 ;
; addr[2]    ; value[5]      ; 5.017 ; 4.990 ; 4.990 ; 5.017 ;
; addr[3]    ; segs_floor[0] ; 6.868 ; 6.868 ; 6.868 ; 6.868 ;
; addr[3]    ; segs_floor[1] ; 6.878 ; 6.831 ; 6.831 ; 6.878 ;
; addr[3]    ; segs_floor[2] ; 6.872 ; 6.872 ; 6.872 ; 6.872 ;
; addr[3]    ; segs_floor[3] ; 6.884 ; 6.884 ; 6.884 ; 6.884 ;
; addr[3]    ; segs_floor[4] ; 6.914 ; 6.914 ; 6.914 ; 6.914 ;
; addr[3]    ; segs_floor[5] ; 6.931 ; 6.931 ; 6.931 ; 6.931 ;
; addr[3]    ; segs_floor[6] ; 6.918 ; 6.965 ; 6.965 ; 6.918 ;
; addr[3]    ; segs_mod[0]   ; 8.068 ; 8.068 ; 8.068 ; 8.068 ;
; addr[3]    ; segs_mod[1]   ; 7.957 ; 7.957 ; 7.957 ; 7.957 ;
; addr[3]    ; segs_mod[2]   ; 8.212 ; 8.212 ; 8.212 ; 8.212 ;
; addr[3]    ; segs_mod[3]   ; 8.077 ; 8.077 ; 8.077 ; 8.077 ;
; addr[3]    ; segs_mod[4]   ; 8.246 ; 8.246 ; 8.246 ; 8.246 ;
; addr[3]    ; segs_mod[5]   ; 8.124 ; 8.124 ; 8.124 ; 8.124 ;
; addr[3]    ; segs_mod[6]   ; 8.369 ; 8.369 ; 8.369 ; 8.369 ;
; addr[3]    ; value[0]      ; 5.167 ; 5.167 ; 5.167 ; 5.167 ;
; addr[3]    ; value[1]      ; 4.915 ; 4.915 ; 4.915 ; 4.915 ;
; addr[3]    ; value[2]      ; 5.041 ; 5.041 ; 5.041 ; 5.041 ;
; addr[3]    ; value[3]      ; 5.226 ; 5.179 ; 5.179 ; 5.226 ;
; addr[3]    ; value[4]      ; 5.610 ; 5.610 ; 5.610 ; 5.610 ;
; addr[3]    ; value[5]      ; 5.119 ; 5.119 ; 5.119 ; 5.119 ;
; addr[4]    ; segs_floor[0] ; 6.701 ; 6.701 ; 6.701 ; 6.701 ;
; addr[4]    ; segs_floor[1] ; 6.079 ; 6.711 ; 6.711 ; 6.079 ;
; addr[4]    ; segs_floor[2] ; 6.705 ; 6.705 ; 6.705 ; 6.705 ;
; addr[4]    ; segs_floor[3] ; 6.717 ; 6.717 ; 6.717 ; 6.717 ;
; addr[4]    ; segs_floor[4] ; 6.747 ; 6.747 ; 6.747 ; 6.747 ;
; addr[4]    ; segs_floor[5] ; 6.764 ; 6.764 ; 6.764 ; 6.764 ;
; addr[4]    ; segs_floor[6] ; 6.798 ; 6.166 ; 6.166 ; 6.798 ;
; addr[4]    ; segs_mod[0]   ; 7.901 ; 7.901 ; 7.901 ; 7.901 ;
; addr[4]    ; segs_mod[1]   ; 7.790 ; 7.790 ; 7.790 ; 7.790 ;
; addr[4]    ; segs_mod[2]   ; 8.045 ; 8.045 ; 8.045 ; 8.045 ;
; addr[4]    ; segs_mod[3]   ; 7.910 ; 7.910 ; 7.910 ; 7.910 ;
; addr[4]    ; segs_mod[4]   ; 8.079 ; 8.079 ; 8.079 ; 8.079 ;
; addr[4]    ; segs_mod[5]   ; 7.957 ; 7.957 ; 7.957 ; 7.957 ;
; addr[4]    ; segs_mod[6]   ; 8.202 ; 8.202 ; 8.202 ; 8.202 ;
; addr[4]    ; value[0]      ; 4.486 ; 4.486 ; 4.486 ; 4.486 ;
; addr[4]    ; value[1]      ; 4.214 ; 4.922 ; 4.922 ; 4.214 ;
; addr[4]    ; value[2]      ; 4.347 ; 4.979 ; 4.979 ; 4.347 ;
; addr[4]    ; value[3]      ; 4.250 ; 4.540 ; 4.540 ; 4.250 ;
; addr[4]    ; value[4]      ; 4.886 ; 4.886 ; 4.886 ; 4.886 ;
; addr[4]    ; value[5]      ; 4.328 ; 4.328 ; 4.328 ; 4.328 ;
; addr[5]    ; segs_floor[0] ; 6.573 ; 6.573 ; 6.573 ; 6.573 ;
; addr[5]    ; segs_floor[1] ; 6.170 ; 6.583 ; 6.583 ; 6.170 ;
; addr[5]    ; segs_floor[2] ; 6.577 ; 6.577 ; 6.577 ; 6.577 ;
; addr[5]    ; segs_floor[3] ; 6.589 ; 6.589 ; 6.589 ; 6.589 ;
; addr[5]    ; segs_floor[4] ; 6.619 ; 6.619 ; 6.619 ; 6.619 ;
; addr[5]    ; segs_floor[5] ; 6.636 ; 6.636 ; 6.636 ; 6.636 ;
; addr[5]    ; segs_floor[6] ; 6.670 ; 6.257 ; 6.257 ; 6.670 ;
; addr[5]    ; segs_mod[0]   ; 7.773 ; 7.773 ; 7.773 ; 7.773 ;
; addr[5]    ; segs_mod[1]   ; 7.662 ; 7.662 ; 7.662 ; 7.662 ;
; addr[5]    ; segs_mod[2]   ; 7.917 ; 7.917 ; 7.917 ; 7.917 ;
; addr[5]    ; segs_mod[3]   ; 7.782 ; 7.782 ; 7.782 ; 7.782 ;
; addr[5]    ; segs_mod[4]   ; 7.951 ; 7.951 ; 7.951 ; 7.951 ;
; addr[5]    ; segs_mod[5]   ; 7.829 ; 7.829 ; 7.829 ; 7.829 ;
; addr[5]    ; segs_mod[6]   ; 8.074 ; 8.074 ; 8.074 ; 8.074 ;
; addr[5]    ; value[0]      ; 4.538 ; 4.538 ; 4.538 ; 4.538 ;
; addr[5]    ; value[1]      ; 4.271 ; 4.794 ; 4.794 ; 4.271 ;
; addr[5]    ; value[2]      ; 4.288 ; 4.851 ; 4.851 ; 4.288 ;
; addr[5]    ; value[3]      ; 4.140 ; 4.430 ; 4.430 ; 4.140 ;
; addr[5]    ; value[4]      ; 5.043 ; 5.043 ; 5.043 ; 5.043 ;
; addr[5]    ; value[5]      ; 3.741 ; 4.138 ; 4.138 ; 3.741 ;
; disp_mode  ; segs_floor[0] ; 3.309 ; 3.309 ; 3.309 ; 3.309 ;
; disp_mode  ; segs_floor[1] ; 3.317 ;       ;       ; 3.317 ;
; disp_mode  ; segs_floor[2] ; 3.318 ; 3.318 ; 3.318 ; 3.318 ;
; disp_mode  ; segs_floor[3] ; 3.327 ; 3.327 ; 3.327 ; 3.327 ;
; disp_mode  ; segs_floor[4] ; 3.350 ; 3.350 ; 3.350 ; 3.350 ;
; disp_mode  ; segs_floor[5] ;       ; 3.378 ; 3.378 ;       ;
; disp_mode  ; segs_floor[6] ;       ; 3.411 ; 3.411 ;       ;
; disp_mode  ; segs_mod[0]   ; 3.335 ; 3.335 ; 3.335 ; 3.335 ;
; disp_mode  ; segs_mod[1]   ; 3.247 ; 3.247 ; 3.247 ; 3.247 ;
; disp_mode  ; segs_mod[2]   ; 3.493 ; 3.493 ; 3.493 ; 3.493 ;
; disp_mode  ; segs_mod[3]   ; 3.361 ; 3.361 ; 3.361 ; 3.361 ;
; disp_mode  ; segs_mod[4]   ; 3.513 ; 3.513 ; 3.513 ; 3.513 ;
; disp_mode  ; segs_mod[5]   ; 3.384 ; 3.384 ; 3.384 ; 3.384 ;
; disp_mode  ; segs_mod[6]   ; 3.629 ; 3.629 ; 3.629 ; 3.629 ;
+------------+---------------+-------+-------+-------+-------+


+------------------------------------------------------------+
; Minimum Propagation Delay                                  ;
+------------+---------------+-------+-------+-------+-------+
; Input Port ; Output Port   ; RR    ; RF    ; FR    ; FF    ;
+------------+---------------+-------+-------+-------+-------+
; addr[0]    ; segs_floor[0] ; 5.380 ; 5.380 ; 5.380 ; 5.380 ;
; addr[0]    ; segs_floor[1] ; 5.384 ; 5.499 ; 5.499 ; 5.384 ;
; addr[0]    ; segs_floor[2] ; 5.375 ; 5.375 ; 5.375 ; 5.375 ;
; addr[0]    ; segs_floor[3] ; 5.395 ; 5.395 ; 5.395 ; 5.395 ;
; addr[0]    ; segs_floor[4] ; 5.424 ; 5.424 ; 5.424 ; 5.424 ;
; addr[0]    ; segs_floor[5] ; 5.439 ; 5.439 ; 5.439 ; 5.439 ;
; addr[0]    ; segs_floor[6] ; 5.589 ; 5.474 ; 5.474 ; 5.589 ;
; addr[0]    ; segs_mod[0]   ; 5.942 ; 5.942 ; 5.942 ; 5.942 ;
; addr[0]    ; segs_mod[1]   ; 5.813 ; 5.813 ; 5.813 ; 5.813 ;
; addr[0]    ; segs_mod[2]   ; 6.028 ; 6.028 ; 6.028 ; 6.028 ;
; addr[0]    ; segs_mod[3]   ; 6.031 ; 6.031 ; 6.031 ; 6.031 ;
; addr[0]    ; segs_mod[4]   ; 6.179 ; 6.179 ; 6.179 ; 6.179 ;
; addr[0]    ; segs_mod[5]   ; 6.051 ; 6.051 ; 6.051 ; 6.051 ;
; addr[0]    ; segs_mod[6]   ; 5.864 ; 5.864 ; 5.864 ; 5.864 ;
; addr[0]    ; value[0]      ; 4.724 ; 4.724 ; 4.724 ; 4.724 ;
; addr[0]    ; value[1]      ; 4.876 ; 4.452 ; 4.452 ; 4.876 ;
; addr[0]    ; value[2]      ; 4.737 ; 4.874 ; 4.874 ; 4.737 ;
; addr[0]    ; value[3]      ; 4.925 ; 4.925 ; 4.925 ; 4.925 ;
; addr[0]    ; value[4]      ; 4.866 ; 4.981 ; 4.981 ; 4.866 ;
; addr[0]    ; value[5]      ; 4.782 ; 4.782 ; 4.782 ; 4.782 ;
; addr[1]    ; segs_floor[0] ; 5.053 ; 5.053 ; 5.053 ; 5.053 ;
; addr[1]    ; segs_floor[1] ; 5.057 ; 5.057 ; 5.057 ; 5.057 ;
; addr[1]    ; segs_floor[2] ; 5.048 ; 5.048 ; 5.048 ; 5.048 ;
; addr[1]    ; segs_floor[3] ; 5.068 ; 5.068 ; 5.068 ; 5.068 ;
; addr[1]    ; segs_floor[4] ; 5.097 ; 5.097 ; 5.097 ; 5.097 ;
; addr[1]    ; segs_floor[5] ; 5.112 ; 5.112 ; 5.112 ; 5.112 ;
; addr[1]    ; segs_floor[6] ; 5.147 ; 5.147 ; 5.147 ; 5.147 ;
; addr[1]    ; segs_mod[0]   ; 5.664 ; 5.664 ; 5.664 ; 5.664 ;
; addr[1]    ; segs_mod[1]   ; 5.531 ; 5.531 ; 5.531 ; 5.531 ;
; addr[1]    ; segs_mod[2]   ; 5.701 ; 5.701 ; 5.701 ; 5.701 ;
; addr[1]    ; segs_mod[3]   ; 5.751 ; 5.751 ; 5.751 ; 5.751 ;
; addr[1]    ; segs_mod[4]   ; 5.852 ; 5.852 ; 5.852 ; 5.852 ;
; addr[1]    ; segs_mod[5]   ; 5.672 ; 5.672 ; 5.672 ; 5.672 ;
; addr[1]    ; segs_mod[6]   ; 5.537 ; 5.537 ; 5.537 ; 5.537 ;
; addr[1]    ; value[0]      ; 4.345 ; 4.345 ; 4.345 ; 4.345 ;
; addr[1]    ; value[1]      ; 4.289 ; 4.289 ; 4.289 ; 4.289 ;
; addr[1]    ; value[2]      ; 4.327 ; 4.327 ; 4.327 ; 4.327 ;
; addr[1]    ; value[3]      ; 4.610 ; 4.610 ; 4.610 ; 4.610 ;
; addr[1]    ; value[4]      ; 4.539 ; 4.539 ; 4.539 ; 4.539 ;
; addr[1]    ; value[5]      ; 4.294 ; 4.294 ; 4.294 ; 4.294 ;
; addr[2]    ; segs_floor[0] ; 4.709 ; 4.709 ; 4.709 ; 4.709 ;
; addr[2]    ; segs_floor[1] ; 4.825 ; 4.713 ; 4.713 ; 4.825 ;
; addr[2]    ; segs_floor[2] ; 4.704 ; 4.704 ; 4.704 ; 4.704 ;
; addr[2]    ; segs_floor[3] ; 4.724 ; 4.724 ; 4.724 ; 4.724 ;
; addr[2]    ; segs_floor[4] ; 4.753 ; 4.753 ; 4.753 ; 4.753 ;
; addr[2]    ; segs_floor[5] ; 4.768 ; 4.768 ; 4.768 ; 4.768 ;
; addr[2]    ; segs_floor[6] ; 4.803 ; 4.915 ; 4.915 ; 4.803 ;
; addr[2]    ; segs_mod[0]   ; 4.888 ; 4.888 ; 4.888 ; 4.888 ;
; addr[2]    ; segs_mod[1]   ; 4.755 ; 4.755 ; 4.755 ; 4.755 ;
; addr[2]    ; segs_mod[2]   ; 5.060 ; 5.060 ; 5.060 ; 5.060 ;
; addr[2]    ; segs_mod[3]   ; 4.975 ; 4.975 ; 4.975 ; 4.975 ;
; addr[2]    ; segs_mod[4]   ; 5.121 ; 5.121 ; 5.121 ; 5.121 ;
; addr[2]    ; segs_mod[5]   ; 4.896 ; 4.896 ; 4.896 ; 4.896 ;
; addr[2]    ; segs_mod[6]   ; 4.852 ; 4.852 ; 4.852 ; 4.852 ;
; addr[2]    ; value[0]      ; 3.785 ; 3.569 ; 3.569 ; 3.785 ;
; addr[2]    ; value[1]      ; 4.205 ; 3.971 ; 3.971 ; 4.205 ;
; addr[2]    ; value[2]      ; 4.088 ; 3.905 ; 3.905 ; 4.088 ;
; addr[2]    ; value[3]      ; 4.110 ; 4.002 ; 4.002 ; 4.110 ;
; addr[2]    ; value[4]      ; 4.307 ; 4.195 ; 4.195 ; 4.307 ;
; addr[2]    ; value[5]      ; 3.947 ; 3.727 ; 3.727 ; 3.947 ;
; addr[3]    ; segs_floor[0] ; 4.763 ; 4.763 ; 4.763 ; 4.763 ;
; addr[3]    ; segs_floor[1] ; 4.767 ; 4.812 ; 4.812 ; 4.767 ;
; addr[3]    ; segs_floor[2] ; 4.758 ; 4.758 ; 4.758 ; 4.758 ;
; addr[3]    ; segs_floor[3] ; 4.778 ; 4.778 ; 4.778 ; 4.778 ;
; addr[3]    ; segs_floor[4] ; 4.807 ; 4.807 ; 4.807 ; 4.807 ;
; addr[3]    ; segs_floor[5] ; 4.822 ; 4.822 ; 4.822 ; 4.822 ;
; addr[3]    ; segs_floor[6] ; 4.902 ; 4.857 ; 4.857 ; 4.902 ;
; addr[3]    ; segs_mod[0]   ; 5.385 ; 5.385 ; 5.385 ; 5.385 ;
; addr[3]    ; segs_mod[1]   ; 5.275 ; 5.275 ; 5.275 ; 5.275 ;
; addr[3]    ; segs_mod[2]   ; 5.411 ; 5.411 ; 5.411 ; 5.411 ;
; addr[3]    ; segs_mod[3]   ; 5.495 ; 5.495 ; 5.495 ; 5.495 ;
; addr[3]    ; segs_mod[4]   ; 5.562 ; 5.562 ; 5.562 ; 5.562 ;
; addr[3]    ; segs_mod[5]   ; 5.416 ; 5.416 ; 5.416 ; 5.416 ;
; addr[3]    ; segs_mod[6]   ; 5.247 ; 5.247 ; 5.247 ; 5.247 ;
; addr[3]    ; value[0]      ; 4.158 ; 4.089 ; 4.089 ; 4.158 ;
; addr[3]    ; value[1]      ; 4.392 ; 4.312 ; 4.312 ; 4.392 ;
; addr[3]    ; value[2]      ; 4.314 ; 4.241 ; 4.241 ; 4.314 ;
; addr[3]    ; value[3]      ; 4.499 ; 4.566 ; 4.566 ; 4.499 ;
; addr[3]    ; value[4]      ; 4.249 ; 4.294 ; 4.294 ; 4.249 ;
; addr[3]    ; value[5]      ; 4.242 ; 4.198 ; 4.198 ; 4.242 ;
; addr[4]    ; segs_floor[0] ; 5.136 ; 5.136 ; 5.136 ; 5.136 ;
; addr[4]    ; segs_floor[1] ; 5.212 ; 5.140 ; 5.140 ; 5.212 ;
; addr[4]    ; segs_floor[2] ; 5.131 ; 5.131 ; 5.131 ; 5.131 ;
; addr[4]    ; segs_floor[3] ; 5.151 ; 5.151 ; 5.151 ; 5.151 ;
; addr[4]    ; segs_floor[4] ; 5.180 ; 5.180 ; 5.180 ; 5.180 ;
; addr[4]    ; segs_floor[5] ; 5.195 ; 5.195 ; 5.195 ; 5.195 ;
; addr[4]    ; segs_floor[6] ; 5.230 ; 5.302 ; 5.302 ; 5.230 ;
; addr[4]    ; segs_mod[0]   ; 5.272 ; 5.272 ; 5.272 ; 5.272 ;
; addr[4]    ; segs_mod[1]   ; 5.139 ; 5.139 ; 5.139 ; 5.139 ;
; addr[4]    ; segs_mod[2]   ; 5.426 ; 5.426 ; 5.426 ; 5.426 ;
; addr[4]    ; segs_mod[3]   ; 5.359 ; 5.359 ; 5.359 ; 5.359 ;
; addr[4]    ; segs_mod[4]   ; 5.505 ; 5.505 ; 5.505 ; 5.505 ;
; addr[4]    ; segs_mod[5]   ; 5.280 ; 5.280 ; 5.280 ; 5.280 ;
; addr[4]    ; segs_mod[6]   ; 5.236 ; 5.236 ; 5.236 ; 5.236 ;
; addr[4]    ; value[0]      ; 4.010 ; 3.953 ; 3.953 ; 4.010 ;
; addr[4]    ; value[1]      ; 4.042 ; 4.015 ; 4.015 ; 4.042 ;
; addr[4]    ; value[2]      ; 3.855 ; 3.946 ; 3.946 ; 3.855 ;
; addr[4]    ; value[3]      ; 4.074 ; 4.064 ; 4.064 ; 4.074 ;
; addr[4]    ; value[4]      ; 4.694 ; 4.622 ; 4.622 ; 4.694 ;
; addr[4]    ; value[5]      ; 4.202 ; 4.201 ; 4.201 ; 4.202 ;
; addr[5]    ; segs_floor[0] ; 4.819 ; 4.819 ; 4.819 ; 4.819 ;
; addr[5]    ; segs_floor[1] ; 4.838 ; 4.838 ; 4.838 ; 4.838 ;
; addr[5]    ; segs_floor[2] ; 4.831 ; 4.831 ; 4.831 ; 4.831 ;
; addr[5]    ; segs_floor[3] ; 4.837 ; 4.837 ; 4.837 ; 4.837 ;
; addr[5]    ; segs_floor[4] ; 4.855 ; 4.855 ; 4.855 ; 4.855 ;
; addr[5]    ; segs_floor[5] ; 4.892 ; 4.892 ; 4.892 ; 4.892 ;
; addr[5]    ; segs_floor[6] ; 4.923 ; 4.923 ; 4.923 ; 4.923 ;
; addr[5]    ; segs_mod[0]   ; 5.370 ; 5.370 ; 5.370 ; 5.370 ;
; addr[5]    ; segs_mod[1]   ; 5.439 ; 5.439 ; 5.439 ; 5.439 ;
; addr[5]    ; segs_mod[2]   ; 5.396 ; 5.396 ; 5.396 ; 5.396 ;
; addr[5]    ; segs_mod[3]   ; 5.609 ; 5.609 ; 5.609 ; 5.609 ;
; addr[5]    ; segs_mod[4]   ; 5.547 ; 5.547 ; 5.547 ; 5.547 ;
; addr[5]    ; segs_mod[5]   ; 5.538 ; 5.538 ; 5.538 ; 5.538 ;
; addr[5]    ; segs_mod[6]   ; 5.232 ; 5.232 ; 5.232 ; 5.232 ;
; addr[5]    ; value[0]      ; 4.374 ; 4.340 ; 4.340 ; 4.374 ;
; addr[5]    ; value[1]      ; 4.078 ; 4.078 ; 4.078 ; 4.078 ;
; addr[5]    ; value[2]      ; 4.204 ; 4.204 ; 4.204 ; 4.204 ;
; addr[5]    ; value[3]      ; 4.078 ; 4.034 ; 4.034 ; 4.078 ;
; addr[5]    ; value[4]      ; 4.779 ; 4.633 ; 4.633 ; 4.779 ;
; addr[5]    ; value[5]      ; 3.741 ; 3.741 ; 3.741 ; 3.741 ;
; disp_mode  ; segs_floor[0] ; 3.309 ; 3.309 ; 3.309 ; 3.309 ;
; disp_mode  ; segs_floor[1] ; 3.317 ;       ;       ; 3.317 ;
; disp_mode  ; segs_floor[2] ; 3.318 ; 3.318 ; 3.318 ; 3.318 ;
; disp_mode  ; segs_floor[3] ; 3.327 ; 3.327 ; 3.327 ; 3.327 ;
; disp_mode  ; segs_floor[4] ; 3.350 ; 3.350 ; 3.350 ; 3.350 ;
; disp_mode  ; segs_floor[5] ;       ; 3.378 ; 3.378 ;       ;
; disp_mode  ; segs_floor[6] ;       ; 3.411 ; 3.411 ;       ;
; disp_mode  ; segs_mod[0]   ; 3.218 ; 3.335 ; 3.335 ; 3.218 ;
; disp_mode  ; segs_mod[1]   ; 3.247 ; 3.247 ; 3.247 ; 3.247 ;
; disp_mode  ; segs_mod[2]   ; 3.493 ; 3.493 ; 3.493 ; 3.493 ;
; disp_mode  ; segs_mod[3]   ; 3.292 ; 3.292 ; 3.292 ; 3.292 ;
; disp_mode  ; segs_mod[4]   ; 3.442 ; 3.442 ; 3.442 ; 3.442 ;
; disp_mode  ; segs_mod[5]   ; 3.344 ; 3.384 ; 3.384 ; 3.344 ;
; disp_mode  ; segs_mod[6]   ; 3.452 ; 3.452 ; 3.452 ; 3.452 ;
+------------+---------------+-------+-------+-------+-------+


+--------------------------------------------------------------------------------+
; Multicorner Timing Analysis Summary                                            ;
+----------------------+-------+------+----------+---------+---------------------+
; Clock                ; Setup ; Hold ; Recovery ; Removal ; Minimum Pulse Width ;
+----------------------+-------+------+----------+---------+---------------------+
; Worst-case Slack     ; N/A   ; N/A  ; N/A      ; N/A     ; 97.531              ;
;  altera_reserved_tck ; N/A   ; N/A  ; N/A      ; N/A     ; 97.531              ;
; Design-wide TNS      ; 0.0   ; 0.0  ; 0.0      ; 0.0     ; 0.0                 ;
;  altera_reserved_tck ; N/A   ; N/A  ; N/A      ; N/A     ; 0.000               ;
+----------------------+-------+------+----------+---------+---------------------+


+----------------------------------------------------------------+
; Progagation Delay                                              ;
+------------+---------------+--------+--------+--------+--------+
; Input Port ; Output Port   ; RR     ; RF     ; FR     ; FF     ;
+------------+---------------+--------+--------+--------+--------+
; addr[0]    ; segs_floor[0] ; 18.435 ; 18.435 ; 18.435 ; 18.435 ;
; addr[0]    ; segs_floor[1] ; 18.457 ; 18.457 ; 18.457 ; 18.457 ;
; addr[0]    ; segs_floor[2] ; 18.484 ; 18.484 ; 18.484 ; 18.484 ;
; addr[0]    ; segs_floor[3] ; 18.501 ; 18.501 ; 18.501 ; 18.501 ;
; addr[0]    ; segs_floor[4] ; 18.547 ; 18.547 ; 18.547 ; 18.547 ;
; addr[0]    ; segs_floor[5] ; 18.561 ; 18.561 ; 18.561 ; 18.561 ;
; addr[0]    ; segs_floor[6] ; 18.622 ; 18.622 ; 18.622 ; 18.622 ;
; addr[0]    ; segs_mod[0]   ; 21.953 ; 21.953 ; 21.953 ; 21.953 ;
; addr[0]    ; segs_mod[1]   ; 21.517 ; 21.517 ; 21.517 ; 21.517 ;
; addr[0]    ; segs_mod[2]   ; 22.203 ; 22.203 ; 22.203 ; 22.203 ;
; addr[0]    ; segs_mod[3]   ; 21.860 ; 21.860 ; 21.860 ; 21.860 ;
; addr[0]    ; segs_mod[4]   ; 22.321 ; 22.321 ; 22.321 ; 22.321 ;
; addr[0]    ; segs_mod[5]   ; 21.996 ; 21.996 ; 21.996 ; 21.996 ;
; addr[0]    ; segs_mod[6]   ; 22.617 ; 22.617 ; 22.617 ; 22.617 ;
; addr[0]    ; value[0]      ; 14.244 ; 14.244 ; 14.244 ; 14.244 ;
; addr[0]    ; value[1]      ; 13.897 ; 13.897 ; 13.897 ; 13.897 ;
; addr[0]    ; value[2]      ; 13.624 ; 13.624 ; 13.624 ; 13.624 ;
; addr[0]    ; value[3]      ; 14.135 ; 14.135 ; 14.135 ; 14.135 ;
; addr[0]    ; value[4]      ; 14.550 ; 14.550 ; 14.550 ; 14.550 ;
; addr[0]    ; value[5]      ; 12.904 ; 12.904 ; 12.904 ; 12.904 ;
; addr[1]    ; segs_floor[0] ; 18.278 ; 18.278 ; 18.278 ; 18.278 ;
; addr[1]    ; segs_floor[1] ; 18.300 ; 18.300 ; 18.300 ; 18.300 ;
; addr[1]    ; segs_floor[2] ; 18.327 ; 18.327 ; 18.327 ; 18.327 ;
; addr[1]    ; segs_floor[3] ; 18.344 ; 18.344 ; 18.344 ; 18.344 ;
; addr[1]    ; segs_floor[4] ; 18.390 ; 18.390 ; 18.390 ; 18.390 ;
; addr[1]    ; segs_floor[5] ; 18.404 ; 18.404 ; 18.404 ; 18.404 ;
; addr[1]    ; segs_floor[6] ; 18.465 ; 18.465 ; 18.465 ; 18.465 ;
; addr[1]    ; segs_mod[0]   ; 21.796 ; 21.796 ; 21.796 ; 21.796 ;
; addr[1]    ; segs_mod[1]   ; 21.360 ; 21.360 ; 21.360 ; 21.360 ;
; addr[1]    ; segs_mod[2]   ; 22.046 ; 22.046 ; 22.046 ; 22.046 ;
; addr[1]    ; segs_mod[3]   ; 21.703 ; 21.703 ; 21.703 ; 21.703 ;
; addr[1]    ; segs_mod[4]   ; 22.164 ; 22.164 ; 22.164 ; 22.164 ;
; addr[1]    ; segs_mod[5]   ; 21.839 ; 21.839 ; 21.839 ; 21.839 ;
; addr[1]    ; segs_mod[6]   ; 22.460 ; 22.460 ; 22.460 ; 22.460 ;
; addr[1]    ; value[0]      ; 14.343 ; 14.343 ; 14.343 ; 14.343 ;
; addr[1]    ; value[1]      ; 13.302 ; 13.302 ; 13.302 ; 13.302 ;
; addr[1]    ; value[2]      ; 12.587 ; 12.587 ; 12.587 ; 12.587 ;
; addr[1]    ; value[3]      ; 13.708 ; 13.571 ; 13.571 ; 13.708 ;
; addr[1]    ; value[4]      ; 14.037 ; 14.037 ; 14.037 ; 14.037 ;
; addr[1]    ; value[5]      ; 13.183 ; 13.183 ; 13.183 ; 13.183 ;
; addr[2]    ; segs_floor[0] ; 16.853 ; 16.853 ; 16.853 ; 16.853 ;
; addr[2]    ; segs_floor[1] ; 16.875 ; 16.875 ; 16.875 ; 16.875 ;
; addr[2]    ; segs_floor[2] ; 16.902 ; 16.902 ; 16.902 ; 16.902 ;
; addr[2]    ; segs_floor[3] ; 16.919 ; 16.919 ; 16.919 ; 16.919 ;
; addr[2]    ; segs_floor[4] ; 16.965 ; 16.965 ; 16.965 ; 16.965 ;
; addr[2]    ; segs_floor[5] ; 16.979 ; 16.979 ; 16.979 ; 16.979 ;
; addr[2]    ; segs_floor[6] ; 17.040 ; 17.040 ; 17.040 ; 17.040 ;
; addr[2]    ; segs_mod[0]   ; 20.371 ; 20.371 ; 20.371 ; 20.371 ;
; addr[2]    ; segs_mod[1]   ; 19.935 ; 19.935 ; 19.935 ; 19.935 ;
; addr[2]    ; segs_mod[2]   ; 20.621 ; 20.621 ; 20.621 ; 20.621 ;
; addr[2]    ; segs_mod[3]   ; 20.278 ; 20.278 ; 20.278 ; 20.278 ;
; addr[2]    ; segs_mod[4]   ; 20.739 ; 20.739 ; 20.739 ; 20.739 ;
; addr[2]    ; segs_mod[5]   ; 20.414 ; 20.414 ; 20.414 ; 20.414 ;
; addr[2]    ; segs_mod[6]   ; 21.035 ; 21.035 ; 21.035 ; 21.035 ;
; addr[2]    ; value[0]      ; 12.918 ; 12.918 ; 12.918 ; 12.918 ;
; addr[2]    ; value[1]      ; 11.693 ; 12.083 ; 12.083 ; 11.693 ;
; addr[2]    ; value[2]      ; 11.382 ; 11.382 ; 11.382 ; 11.382 ;
; addr[2]    ; value[3]      ; 11.758 ; 12.614 ; 12.614 ; 11.758 ;
; addr[2]    ; value[4]      ; 11.688 ; 11.688 ; 11.688 ; 11.688 ;
; addr[2]    ; value[5]      ; 11.792 ; 11.712 ; 11.712 ; 11.792 ;
; addr[3]    ; segs_floor[0] ; 16.427 ; 16.427 ; 16.427 ; 16.427 ;
; addr[3]    ; segs_floor[1] ; 16.449 ; 16.449 ; 16.449 ; 16.449 ;
; addr[3]    ; segs_floor[2] ; 16.476 ; 16.476 ; 16.476 ; 16.476 ;
; addr[3]    ; segs_floor[3] ; 16.493 ; 16.493 ; 16.493 ; 16.493 ;
; addr[3]    ; segs_floor[4] ; 16.539 ; 16.539 ; 16.539 ; 16.539 ;
; addr[3]    ; segs_floor[5] ; 16.553 ; 16.553 ; 16.553 ; 16.553 ;
; addr[3]    ; segs_floor[6] ; 16.614 ; 16.614 ; 16.614 ; 16.614 ;
; addr[3]    ; segs_mod[0]   ; 19.945 ; 19.945 ; 19.945 ; 19.945 ;
; addr[3]    ; segs_mod[1]   ; 19.509 ; 19.509 ; 19.509 ; 19.509 ;
; addr[3]    ; segs_mod[2]   ; 20.195 ; 20.195 ; 20.195 ; 20.195 ;
; addr[3]    ; segs_mod[3]   ; 19.852 ; 19.852 ; 19.852 ; 19.852 ;
; addr[3]    ; segs_mod[4]   ; 20.313 ; 20.313 ; 20.313 ; 20.313 ;
; addr[3]    ; segs_mod[5]   ; 19.988 ; 19.988 ; 19.988 ; 19.988 ;
; addr[3]    ; segs_mod[6]   ; 20.609 ; 20.609 ; 20.609 ; 20.609 ;
; addr[3]    ; value[0]      ; 12.064 ; 12.064 ; 12.064 ; 12.064 ;
; addr[3]    ; value[1]      ; 11.443 ; 11.443 ; 11.443 ; 11.443 ;
; addr[3]    ; value[2]      ; 11.616 ; 11.616 ; 11.616 ; 11.616 ;
; addr[3]    ; value[3]      ; 12.148 ; 12.010 ; 12.010 ; 12.148 ;
; addr[3]    ; value[4]      ; 12.865 ; 12.865 ; 12.865 ; 12.865 ;
; addr[3]    ; value[5]      ; 11.875 ; 11.875 ; 11.875 ; 11.875 ;
; addr[4]    ; segs_floor[0] ; 16.276 ; 16.276 ; 16.276 ; 16.276 ;
; addr[4]    ; segs_floor[1] ; 14.883 ; 16.298 ; 16.298 ; 14.883 ;
; addr[4]    ; segs_floor[2] ; 16.325 ; 16.325 ; 16.325 ; 16.325 ;
; addr[4]    ; segs_floor[3] ; 16.342 ; 16.342 ; 16.342 ; 16.342 ;
; addr[4]    ; segs_floor[4] ; 16.388 ; 16.388 ; 16.388 ; 16.388 ;
; addr[4]    ; segs_floor[5] ; 16.402 ; 16.402 ; 16.402 ; 16.402 ;
; addr[4]    ; segs_floor[6] ; 16.463 ; 15.048 ; 15.048 ; 16.463 ;
; addr[4]    ; segs_mod[0]   ; 19.794 ; 19.794 ; 19.794 ; 19.794 ;
; addr[4]    ; segs_mod[1]   ; 19.358 ; 19.358 ; 19.358 ; 19.358 ;
; addr[4]    ; segs_mod[2]   ; 20.044 ; 20.044 ; 20.044 ; 20.044 ;
; addr[4]    ; segs_mod[3]   ; 19.701 ; 19.701 ; 19.701 ; 19.701 ;
; addr[4]    ; segs_mod[4]   ; 20.162 ; 20.162 ; 20.162 ; 20.162 ;
; addr[4]    ; segs_mod[5]   ; 19.837 ; 19.837 ; 19.837 ; 19.837 ;
; addr[4]    ; segs_mod[6]   ; 20.458 ; 20.458 ; 20.458 ; 20.458 ;
; addr[4]    ; value[0]      ; 10.482 ; 10.482 ; 10.482 ; 10.482 ;
; addr[4]    ; value[1]      ; 9.817  ; 11.544 ; 11.544 ; 9.817  ;
; addr[4]    ; value[2]      ; 10.050 ; 11.465 ; 11.465 ; 10.050 ;
; addr[4]    ; value[3]      ; 9.707  ; 10.563 ; 10.563 ; 9.707  ;
; addr[4]    ; value[4]      ; 11.191 ; 11.191 ; 11.191 ; 11.191 ;
; addr[4]    ; value[5]      ; 9.736  ; 9.736  ; 9.736  ; 9.736  ;
; addr[5]    ; segs_floor[0] ; 16.040 ; 16.040 ; 16.040 ; 16.040 ;
; addr[5]    ; segs_floor[1] ; 14.896 ; 16.062 ; 16.062 ; 14.896 ;
; addr[5]    ; segs_floor[2] ; 16.089 ; 16.089 ; 16.089 ; 16.089 ;
; addr[5]    ; segs_floor[3] ; 16.106 ; 16.106 ; 16.106 ; 16.106 ;
; addr[5]    ; segs_floor[4] ; 16.152 ; 16.152 ; 16.152 ; 16.152 ;
; addr[5]    ; segs_floor[5] ; 16.166 ; 16.166 ; 16.166 ; 16.166 ;
; addr[5]    ; segs_floor[6] ; 16.227 ; 15.061 ; 15.061 ; 16.227 ;
; addr[5]    ; segs_mod[0]   ; 19.558 ; 19.558 ; 19.558 ; 19.558 ;
; addr[5]    ; segs_mod[1]   ; 19.122 ; 19.122 ; 19.122 ; 19.122 ;
; addr[5]    ; segs_mod[2]   ; 19.808 ; 19.808 ; 19.808 ; 19.808 ;
; addr[5]    ; segs_mod[3]   ; 19.465 ; 19.465 ; 19.465 ; 19.465 ;
; addr[5]    ; segs_mod[4]   ; 19.926 ; 19.926 ; 19.926 ; 19.926 ;
; addr[5]    ; segs_mod[5]   ; 19.601 ; 19.601 ; 19.601 ; 19.601 ;
; addr[5]    ; segs_mod[6]   ; 20.222 ; 20.222 ; 20.222 ; 20.222 ;
; addr[5]    ; value[0]      ; 10.700 ; 10.700 ; 10.700 ; 10.700 ;
; addr[5]    ; value[1]      ; 10.001 ; 11.308 ; 11.308 ; 10.001 ;
; addr[5]    ; value[2]      ; 9.837  ; 11.229 ; 11.229 ; 9.837  ;
; addr[5]    ; value[3]      ; 9.401  ; 10.257 ; 10.257 ; 9.401  ;
; addr[5]    ; value[4]      ; 11.718 ; 11.718 ; 11.718 ; 11.718 ;
; addr[5]    ; value[5]      ; 8.409  ; 9.439  ; 9.439  ; 8.409  ;
; disp_mode  ; segs_floor[0] ; 7.338  ; 7.338  ; 7.338  ; 7.338  ;
; disp_mode  ; segs_floor[1] ; 7.350  ;        ;        ; 7.350  ;
; disp_mode  ; segs_floor[2] ; 7.391  ; 7.391  ; 7.391  ; 7.391  ;
; disp_mode  ; segs_floor[3] ; 7.406  ; 7.406  ; 7.406  ; 7.406  ;
; disp_mode  ; segs_floor[4] ; 7.443  ; 7.443  ; 7.443  ; 7.443  ;
; disp_mode  ; segs_floor[5] ;        ; 7.474  ; 7.474  ;        ;
; disp_mode  ; segs_floor[6] ;        ; 7.530  ; 7.530  ;        ;
; disp_mode  ; segs_mod[0]   ; 7.483  ; 7.483  ; 7.483  ; 7.483  ;
; disp_mode  ; segs_mod[1]   ; 7.175  ; 7.175  ; 7.175  ; 7.175  ;
; disp_mode  ; segs_mod[2]   ; 7.852  ; 7.852  ; 7.852  ; 7.852  ;
; disp_mode  ; segs_mod[3]   ; 7.508  ; 7.508  ; 7.508  ; 7.508  ;
; disp_mode  ; segs_mod[4]   ; 7.881  ; 7.881  ; 7.881  ; 7.881  ;
; disp_mode  ; segs_mod[5]   ; 7.517  ; 7.517  ; 7.517  ; 7.517  ;
; disp_mode  ; segs_mod[6]   ; 8.140  ; 8.140  ; 8.140  ; 8.140  ;
+------------+---------------+--------+--------+--------+--------+


+------------------------------------------------------------+
; Minimum Progagation Delay                                  ;
+------------+---------------+-------+-------+-------+-------+
; Input Port ; Output Port   ; RR    ; RF    ; FR    ; FF    ;
+------------+---------------+-------+-------+-------+-------+
; addr[0]    ; segs_floor[0] ; 5.380 ; 5.380 ; 5.380 ; 5.380 ;
; addr[0]    ; segs_floor[1] ; 5.384 ; 5.499 ; 5.499 ; 5.384 ;
; addr[0]    ; segs_floor[2] ; 5.375 ; 5.375 ; 5.375 ; 5.375 ;
; addr[0]    ; segs_floor[3] ; 5.395 ; 5.395 ; 5.395 ; 5.395 ;
; addr[0]    ; segs_floor[4] ; 5.424 ; 5.424 ; 5.424 ; 5.424 ;
; addr[0]    ; segs_floor[5] ; 5.439 ; 5.439 ; 5.439 ; 5.439 ;
; addr[0]    ; segs_floor[6] ; 5.589 ; 5.474 ; 5.474 ; 5.589 ;
; addr[0]    ; segs_mod[0]   ; 5.942 ; 5.942 ; 5.942 ; 5.942 ;
; addr[0]    ; segs_mod[1]   ; 5.813 ; 5.813 ; 5.813 ; 5.813 ;
; addr[0]    ; segs_mod[2]   ; 6.028 ; 6.028 ; 6.028 ; 6.028 ;
; addr[0]    ; segs_mod[3]   ; 6.031 ; 6.031 ; 6.031 ; 6.031 ;
; addr[0]    ; segs_mod[4]   ; 6.179 ; 6.179 ; 6.179 ; 6.179 ;
; addr[0]    ; segs_mod[5]   ; 6.051 ; 6.051 ; 6.051 ; 6.051 ;
; addr[0]    ; segs_mod[6]   ; 5.864 ; 5.864 ; 5.864 ; 5.864 ;
; addr[0]    ; value[0]      ; 4.724 ; 4.724 ; 4.724 ; 4.724 ;
; addr[0]    ; value[1]      ; 4.876 ; 4.452 ; 4.452 ; 4.876 ;
; addr[0]    ; value[2]      ; 4.737 ; 4.874 ; 4.874 ; 4.737 ;
; addr[0]    ; value[3]      ; 4.925 ; 4.925 ; 4.925 ; 4.925 ;
; addr[0]    ; value[4]      ; 4.866 ; 4.981 ; 4.981 ; 4.866 ;
; addr[0]    ; value[5]      ; 4.782 ; 4.782 ; 4.782 ; 4.782 ;
; addr[1]    ; segs_floor[0] ; 5.053 ; 5.053 ; 5.053 ; 5.053 ;
; addr[1]    ; segs_floor[1] ; 5.057 ; 5.057 ; 5.057 ; 5.057 ;
; addr[1]    ; segs_floor[2] ; 5.048 ; 5.048 ; 5.048 ; 5.048 ;
; addr[1]    ; segs_floor[3] ; 5.068 ; 5.068 ; 5.068 ; 5.068 ;
; addr[1]    ; segs_floor[4] ; 5.097 ; 5.097 ; 5.097 ; 5.097 ;
; addr[1]    ; segs_floor[5] ; 5.112 ; 5.112 ; 5.112 ; 5.112 ;
; addr[1]    ; segs_floor[6] ; 5.147 ; 5.147 ; 5.147 ; 5.147 ;
; addr[1]    ; segs_mod[0]   ; 5.664 ; 5.664 ; 5.664 ; 5.664 ;
; addr[1]    ; segs_mod[1]   ; 5.531 ; 5.531 ; 5.531 ; 5.531 ;
; addr[1]    ; segs_mod[2]   ; 5.701 ; 5.701 ; 5.701 ; 5.701 ;
; addr[1]    ; segs_mod[3]   ; 5.751 ; 5.751 ; 5.751 ; 5.751 ;
; addr[1]    ; segs_mod[4]   ; 5.852 ; 5.852 ; 5.852 ; 5.852 ;
; addr[1]    ; segs_mod[5]   ; 5.672 ; 5.672 ; 5.672 ; 5.672 ;
; addr[1]    ; segs_mod[6]   ; 5.537 ; 5.537 ; 5.537 ; 5.537 ;
; addr[1]    ; value[0]      ; 4.345 ; 4.345 ; 4.345 ; 4.345 ;
; addr[1]    ; value[1]      ; 4.289 ; 4.289 ; 4.289 ; 4.289 ;
; addr[1]    ; value[2]      ; 4.327 ; 4.327 ; 4.327 ; 4.327 ;
; addr[1]    ; value[3]      ; 4.610 ; 4.610 ; 4.610 ; 4.610 ;
; addr[1]    ; value[4]      ; 4.539 ; 4.539 ; 4.539 ; 4.539 ;
; addr[1]    ; value[5]      ; 4.294 ; 4.294 ; 4.294 ; 4.294 ;
; addr[2]    ; segs_floor[0] ; 4.709 ; 4.709 ; 4.709 ; 4.709 ;
; addr[2]    ; segs_floor[1] ; 4.825 ; 4.713 ; 4.713 ; 4.825 ;
; addr[2]    ; segs_floor[2] ; 4.704 ; 4.704 ; 4.704 ; 4.704 ;
; addr[2]    ; segs_floor[3] ; 4.724 ; 4.724 ; 4.724 ; 4.724 ;
; addr[2]    ; segs_floor[4] ; 4.753 ; 4.753 ; 4.753 ; 4.753 ;
; addr[2]    ; segs_floor[5] ; 4.768 ; 4.768 ; 4.768 ; 4.768 ;
; addr[2]    ; segs_floor[6] ; 4.803 ; 4.915 ; 4.915 ; 4.803 ;
; addr[2]    ; segs_mod[0]   ; 4.888 ; 4.888 ; 4.888 ; 4.888 ;
; addr[2]    ; segs_mod[1]   ; 4.755 ; 4.755 ; 4.755 ; 4.755 ;
; addr[2]    ; segs_mod[2]   ; 5.060 ; 5.060 ; 5.060 ; 5.060 ;
; addr[2]    ; segs_mod[3]   ; 4.975 ; 4.975 ; 4.975 ; 4.975 ;
; addr[2]    ; segs_mod[4]   ; 5.121 ; 5.121 ; 5.121 ; 5.121 ;
; addr[2]    ; segs_mod[5]   ; 4.896 ; 4.896 ; 4.896 ; 4.896 ;
; addr[2]    ; segs_mod[6]   ; 4.852 ; 4.852 ; 4.852 ; 4.852 ;
; addr[2]    ; value[0]      ; 3.785 ; 3.569 ; 3.569 ; 3.785 ;
; addr[2]    ; value[1]      ; 4.205 ; 3.971 ; 3.971 ; 4.205 ;
; addr[2]    ; value[2]      ; 4.088 ; 3.905 ; 3.905 ; 4.088 ;
; addr[2]    ; value[3]      ; 4.110 ; 4.002 ; 4.002 ; 4.110 ;
; addr[2]    ; value[4]      ; 4.307 ; 4.195 ; 4.195 ; 4.307 ;
; addr[2]    ; value[5]      ; 3.947 ; 3.727 ; 3.727 ; 3.947 ;
; addr[3]    ; segs_floor[0] ; 4.763 ; 4.763 ; 4.763 ; 4.763 ;
; addr[3]    ; segs_floor[1] ; 4.767 ; 4.812 ; 4.812 ; 4.767 ;
; addr[3]    ; segs_floor[2] ; 4.758 ; 4.758 ; 4.758 ; 4.758 ;
; addr[3]    ; segs_floor[3] ; 4.778 ; 4.778 ; 4.778 ; 4.778 ;
; addr[3]    ; segs_floor[4] ; 4.807 ; 4.807 ; 4.807 ; 4.807 ;
; addr[3]    ; segs_floor[5] ; 4.822 ; 4.822 ; 4.822 ; 4.822 ;
; addr[3]    ; segs_floor[6] ; 4.902 ; 4.857 ; 4.857 ; 4.902 ;
; addr[3]    ; segs_mod[0]   ; 5.385 ; 5.385 ; 5.385 ; 5.385 ;
; addr[3]    ; segs_mod[1]   ; 5.275 ; 5.275 ; 5.275 ; 5.275 ;
; addr[3]    ; segs_mod[2]   ; 5.411 ; 5.411 ; 5.411 ; 5.411 ;
; addr[3]    ; segs_mod[3]   ; 5.495 ; 5.495 ; 5.495 ; 5.495 ;
; addr[3]    ; segs_mod[4]   ; 5.562 ; 5.562 ; 5.562 ; 5.562 ;
; addr[3]    ; segs_mod[5]   ; 5.416 ; 5.416 ; 5.416 ; 5.416 ;
; addr[3]    ; segs_mod[6]   ; 5.247 ; 5.247 ; 5.247 ; 5.247 ;
; addr[3]    ; value[0]      ; 4.158 ; 4.089 ; 4.089 ; 4.158 ;
; addr[3]    ; value[1]      ; 4.392 ; 4.312 ; 4.312 ; 4.392 ;
; addr[3]    ; value[2]      ; 4.314 ; 4.241 ; 4.241 ; 4.314 ;
; addr[3]    ; value[3]      ; 4.499 ; 4.566 ; 4.566 ; 4.499 ;
; addr[3]    ; value[4]      ; 4.249 ; 4.294 ; 4.294 ; 4.249 ;
; addr[3]    ; value[5]      ; 4.242 ; 4.198 ; 4.198 ; 4.242 ;
; addr[4]    ; segs_floor[0] ; 5.136 ; 5.136 ; 5.136 ; 5.136 ;
; addr[4]    ; segs_floor[1] ; 5.212 ; 5.140 ; 5.140 ; 5.212 ;
; addr[4]    ; segs_floor[2] ; 5.131 ; 5.131 ; 5.131 ; 5.131 ;
; addr[4]    ; segs_floor[3] ; 5.151 ; 5.151 ; 5.151 ; 5.151 ;
; addr[4]    ; segs_floor[4] ; 5.180 ; 5.180 ; 5.180 ; 5.180 ;
; addr[4]    ; segs_floor[5] ; 5.195 ; 5.195 ; 5.195 ; 5.195 ;
; addr[4]    ; segs_floor[6] ; 5.230 ; 5.302 ; 5.302 ; 5.230 ;
; addr[4]    ; segs_mod[0]   ; 5.272 ; 5.272 ; 5.272 ; 5.272 ;
; addr[4]    ; segs_mod[1]   ; 5.139 ; 5.139 ; 5.139 ; 5.139 ;
; addr[4]    ; segs_mod[2]   ; 5.426 ; 5.426 ; 5.426 ; 5.426 ;
; addr[4]    ; segs_mod[3]   ; 5.359 ; 5.359 ; 5.359 ; 5.359 ;
; addr[4]    ; segs_mod[4]   ; 5.505 ; 5.505 ; 5.505 ; 5.505 ;
; addr[4]    ; segs_mod[5]   ; 5.280 ; 5.280 ; 5.280 ; 5.280 ;
; addr[4]    ; segs_mod[6]   ; 5.236 ; 5.236 ; 5.236 ; 5.236 ;
; addr[4]    ; value[0]      ; 4.010 ; 3.953 ; 3.953 ; 4.010 ;
; addr[4]    ; value[1]      ; 4.042 ; 4.015 ; 4.015 ; 4.042 ;
; addr[4]    ; value[2]      ; 3.855 ; 3.946 ; 3.946 ; 3.855 ;
; addr[4]    ; value[3]      ; 4.074 ; 4.064 ; 4.064 ; 4.074 ;
; addr[4]    ; value[4]      ; 4.694 ; 4.622 ; 4.622 ; 4.694 ;
; addr[4]    ; value[5]      ; 4.202 ; 4.201 ; 4.201 ; 4.202 ;
; addr[5]    ; segs_floor[0] ; 4.819 ; 4.819 ; 4.819 ; 4.819 ;
; addr[5]    ; segs_floor[1] ; 4.838 ; 4.838 ; 4.838 ; 4.838 ;
; addr[5]    ; segs_floor[2] ; 4.831 ; 4.831 ; 4.831 ; 4.831 ;
; addr[5]    ; segs_floor[3] ; 4.837 ; 4.837 ; 4.837 ; 4.837 ;
; addr[5]    ; segs_floor[4] ; 4.855 ; 4.855 ; 4.855 ; 4.855 ;
; addr[5]    ; segs_floor[5] ; 4.892 ; 4.892 ; 4.892 ; 4.892 ;
; addr[5]    ; segs_floor[6] ; 4.923 ; 4.923 ; 4.923 ; 4.923 ;
; addr[5]    ; segs_mod[0]   ; 5.370 ; 5.370 ; 5.370 ; 5.370 ;
; addr[5]    ; segs_mod[1]   ; 5.439 ; 5.439 ; 5.439 ; 5.439 ;
; addr[5]    ; segs_mod[2]   ; 5.396 ; 5.396 ; 5.396 ; 5.396 ;
; addr[5]    ; segs_mod[3]   ; 5.609 ; 5.609 ; 5.609 ; 5.609 ;
; addr[5]    ; segs_mod[4]   ; 5.547 ; 5.547 ; 5.547 ; 5.547 ;
; addr[5]    ; segs_mod[5]   ; 5.538 ; 5.538 ; 5.538 ; 5.538 ;
; addr[5]    ; segs_mod[6]   ; 5.232 ; 5.232 ; 5.232 ; 5.232 ;
; addr[5]    ; value[0]      ; 4.374 ; 4.340 ; 4.340 ; 4.374 ;
; addr[5]    ; value[1]      ; 4.078 ; 4.078 ; 4.078 ; 4.078 ;
; addr[5]    ; value[2]      ; 4.204 ; 4.204 ; 4.204 ; 4.204 ;
; addr[5]    ; value[3]      ; 4.078 ; 4.034 ; 4.034 ; 4.078 ;
; addr[5]    ; value[4]      ; 4.779 ; 4.633 ; 4.633 ; 4.779 ;
; addr[5]    ; value[5]      ; 3.741 ; 3.741 ; 3.741 ; 3.741 ;
; disp_mode  ; segs_floor[0] ; 3.309 ; 3.309 ; 3.309 ; 3.309 ;
; disp_mode  ; segs_floor[1] ; 3.317 ;       ;       ; 3.317 ;
; disp_mode  ; segs_floor[2] ; 3.318 ; 3.318 ; 3.318 ; 3.318 ;
; disp_mode  ; segs_floor[3] ; 3.327 ; 3.327 ; 3.327 ; 3.327 ;
; disp_mode  ; segs_floor[4] ; 3.350 ; 3.350 ; 3.350 ; 3.350 ;
; disp_mode  ; segs_floor[5] ;       ; 3.378 ; 3.378 ;       ;
; disp_mode  ; segs_floor[6] ;       ; 3.411 ; 3.411 ;       ;
; disp_mode  ; segs_mod[0]   ; 3.218 ; 3.335 ; 3.335 ; 3.218 ;
; disp_mode  ; segs_mod[1]   ; 3.247 ; 3.247 ; 3.247 ; 3.247 ;
; disp_mode  ; segs_mod[2]   ; 3.493 ; 3.493 ; 3.493 ; 3.493 ;
; disp_mode  ; segs_mod[3]   ; 3.292 ; 3.292 ; 3.292 ; 3.292 ;
; disp_mode  ; segs_mod[4]   ; 3.442 ; 3.442 ; 3.442 ; 3.442 ;
; disp_mode  ; segs_mod[5]   ; 3.344 ; 3.384 ; 3.384 ; 3.344 ;
; disp_mode  ; segs_mod[6]   ; 3.452 ; 3.452 ; 3.452 ; 3.452 ;
+------------+---------------+-------+-------+-------+-------+


-------------------
; Clock Transfers ;
-------------------
Nothing to report.


---------------
; Report TCCS ;
---------------
No dedicated SERDES Transmitter circuitry present in device or used in design


---------------
; Report RSKM ;
---------------
No dedicated SERDES Receiver circuitry present in device or used in design


+------------------------------------------------+
; Unconstrained Paths                            ;
+---------------------------------+-------+------+
; Property                        ; Setup ; Hold ;
+---------------------------------+-------+------+
; Illegal Clocks                  ; 0     ; 0    ;
; Unconstrained Clocks            ; 1     ; 1    ;
; Unconstrained Input Ports       ; 11    ; 11   ;
; Unconstrained Input Port Paths  ; 1241  ; 1241 ;
; Unconstrained Output Ports      ; 29    ; 29   ;
; Unconstrained Output Port Paths ; 4833  ; 4833 ;
+---------------------------------+-------+------+


+------------------------------------+
; TimeQuest Timing Analyzer Messages ;
+------------------------------------+
Info: *******************************************************************
Info: Running Quartus II 64-Bit TimeQuest Timing Analyzer
    Info: Version 13.0.1 Build 232 06/12/2013 Service Pack 1 SJ Web Edition
    Info: Processing started: Mon Mar 20 11:22:49 2017
Info: Command: quartus_sta g58_lab3 -c g58_lab3
Info: qsta_default_script.tcl version: #1
Info (20030): Parallel compilation is enabled and will use 6 of the 6 processors detected
Info (21077): Low junction temperature is 0 degrees C
Info (21077): High junction temperature is 85 degrees C
Info (332164): Evaluating HDL-embedded SDC commands
    Info (332165): Entity sld_jtag_hub
        Info (332166): create_clock -name altera_reserved_tck [get_ports {altera_reserved_tck}] -period 10MHz   
        Info (332166): set_clock_groups -asynchronous -group {altera_reserved_tck}
Critical Warning (332012): Synopsys Design Constraints File file not found: 'g58_lab3.sdc'. A Synopsys Design Constraints File is required by the TimeQuest Timing Analyzer to get proper timing constraints. Without it, the Compiler will not properly optimize the design.
Warning (332060): Node: clk was determined to be a clock but was found without an associated clock assignment.
Info: Found TIMEQUEST_REPORT_SCRIPT_INCLUDE_DEFAULT_ANALYSIS = ON
Info: Analyzing Slow Model
Info (332140): No fmax paths to report
Info (332140): No Setup paths to report
Info (332140): No Hold paths to report
Info (332140): No Recovery paths to report
Info (332140): No Removal paths to report
Info (332146): Worst-case minimum pulse width slack is 97.531
    Info (332119):     Slack End Point TNS Clock 
    Info (332119): ========= ============= =====================
    Info (332119):    97.531         0.000 altera_reserved_tck 
Info (332001): The selected device family is not supported by the report_metastability command.
Info: Analyzing Fast Model
Warning (332060): Node: clk was determined to be a clock but was found without an associated clock assignment.
Info (332140): No Setup paths to report
Info (332140): No Hold paths to report
Info (332140): No Recovery paths to report
Info (332140): No Removal paths to report
Info (332146): Worst-case minimum pulse width slack is 97.778
    Info (332119):     Slack End Point TNS Clock 
    Info (332119): ========= ============= =====================
    Info (332119):    97.778         0.000 altera_reserved_tck 
Info (332001): The selected device family is not supported by the report_metastability command.
Info (332102): Design is not fully constrained for setup requirements
Info (332102): Design is not fully constrained for hold requirements
Info: Quartus II 64-Bit TimeQuest Timing Analyzer was successful. 0 errors, 3 warnings
    Info: Peak virtual memory: 446 megabytes
    Info: Processing ended: Mon Mar 20 11:22:50 2017
    Info: Elapsed time: 00:00:01
    Info: Total CPU time (on all processors): 00:00:01


